#
# There is insufficient memory for the Java Runtime Environment to continue.
# Native memory allocation (mmap) failed to map 220200960 bytes. Error detail: G1 virtual space
# Possible reasons:
#   The system is out of physical RAM or swap space
#   This process is running with CompressedOops enabled, and the Java Heap may be blocking the growth of the native heap
# Possible solutions:
#   Reduce memory load on the system
#   Increase physical memory or swap space
#   Check if swap backing store is full
#   Decrease Java heap size (-Xmx/-Xms)
#   Decrease number of Java threads
#   Decrease Java thread stack sizes (-Xss)
#   Set larger code cache with -XX:ReservedCodeCacheSize=
#   JVM is running with Unscaled Compressed Oops mode in which the Java heap is
#     placed in the first 4GB address space. The Java Heap base address is the
#     maximum limit for the native heap growth. Please use -XX:HeapBaseMinAddress
#     to set the Java Heap base and to place the Java Heap above 4GB virtual address.
# This output file may be truncated or incomplete.
#
#  Out of Memory Error (os_windows.cpp:3710), pid=291380, tid=286664
#
# JRE version: OpenJDK Runtime Environment Microsoft-11926163 (17.0.16+8) (build 17.0.16+8-LTS)
# Java VM: OpenJDK 64-Bit Server VM Microsoft-11926163 (17.0.16+8-LTS, mixed mode, sharing, tiered, compressed oops, compressed class ptrs, g1 gc, windows-amd64)
# No core dump will be written. Minidumps are not enabled by default on client versions of Windows
#

---------------  S U M M A R Y ------------

Command Line: -javaagent:C:\Program Files\JetBrains\IntelliJ IDEA Community Edition 2025.2.3\lib\idea_rt.jar=59995 -Dfile.encoding=UTF-8 com.sein_gar_har.SeinGarHarApplication

Host: AMD Ryzen 5 7535HS with Radeon Graphics        , 12 cores, 7G,  Windows 11 , 64 bit Build 26100 (10.0.26100.7019)
Time: Sun Nov 30 23:50:47 2025 Myanmar Standard Time elapsed time: 13.300349 seconds (0d 0h 0m 13s)

---------------  T H R E A D  ---------------

Current thread (0x000001e34769d190):  VMThread "VM Thread" [stack: 0x0000002b30f00000,0x0000002b31000000] [id=286664]

Stack: [0x0000002b30f00000,0x0000002b31000000]
Native frames: (J=compiled Java code, j=interpreted, Vv=VM code, C=native code)
V  [jvm.dll+0x68ee19]
V  [jvm.dll+0x846249]
V  [jvm.dll+0x847fb8]
V  [jvm.dll+0x848643]
V  [jvm.dll+0x24cf6f]
V  [jvm.dll+0x68bde9]
V  [jvm.dll+0x6803aa]
V  [jvm.dll+0x30ffc0]
V  [jvm.dll+0x30fe62]
V  [jvm.dll+0x3173b9]
V  [jvm.dll+0x3695e9]
V  [jvm.dll+0x36981d]
V  [jvm.dll+0x2e683a]
V  [jvm.dll+0x2e4c31]
V  [jvm.dll+0x2e43cc]
V  [jvm.dll+0x328ceb]
V  [jvm.dll+0x84cecd]
V  [jvm.dll+0x84dbe3]
V  [jvm.dll+0x84e114]
V  [jvm.dll+0x84e4f8]
V  [jvm.dll+0x84e5ee]
V  [jvm.dll+0x7f5e9c]
V  [jvm.dll+0x68dd27]
C  [ucrtbase.dll+0x37b0]
C  [KERNEL32.DLL+0x2e8d7]
C  [ntdll.dll+0x8c53c]

VM_Operation (0x0000002b321f9d80): G1CollectForAllocation, mode: safepoint, requested by thread 0x000001e38e13f6c0


---------------  P R O C E S S  ---------------

Threads class SMR info:
_java_thread_list=0x000001e38f6c1d40, length=23, elements={
0x000001e329d9a250, 0x000001e3476a3240, 0x000001e3476a6980, 0x000001e3476ba280,
0x000001e3476bcf60, 0x000001e3476bef10, 0x000001e3476bf7e0, 0x000001e3476c1ac0,
0x000001e3476c3e50, 0x000001e3476d1980, 0x000001e34768edd0, 0x000001e38dadeaf0,
0x000001e38d22f130, 0x000001e38d991560, 0x000001e38e13f6c0, 0x000001e39011bf80,
0x000001e39011d3c0, 0x000001e39011d8d0, 0x000001e39011e2f0, 0x000001e39011c490,
0x000001e39011c9a0, 0x000001e39011ceb0, 0x000001e39011dde0
}

Java Threads: ( => current thread )
  0x000001e329d9a250 JavaThread "main" [_thread_blocked, id=291980, stack(0x0000002b30900000,0x0000002b30a00000)]
  0x000001e3476a3240 JavaThread "Reference Handler" daemon [_thread_blocked, id=292200, stack(0x0000002b31000000,0x0000002b31100000)]
  0x000001e3476a6980 JavaThread "Finalizer" daemon [_thread_blocked, id=292076, stack(0x0000002b31100000,0x0000002b31200000)]
  0x000001e3476ba280 JavaThread "Signal Dispatcher" daemon [_thread_blocked, id=292348, stack(0x0000002b31200000,0x0000002b31300000)]
  0x000001e3476bcf60 JavaThread "Attach Listener" daemon [_thread_blocked, id=247720, stack(0x0000002b31300000,0x0000002b31400000)]
  0x000001e3476bef10 JavaThread "Service Thread" daemon [_thread_blocked, id=292088, stack(0x0000002b31400000,0x0000002b31500000)]
  0x000001e3476bf7e0 JavaThread "Monitor Deflation Thread" daemon [_thread_blocked, id=276404, stack(0x0000002b31500000,0x0000002b31600000)]
  0x000001e3476c1ac0 JavaThread "C2 CompilerThread0" daemon [_thread_blocked, id=291660, stack(0x0000002b31600000,0x0000002b31700000)]
  0x000001e3476c3e50 JavaThread "C1 CompilerThread0" daemon [_thread_blocked, id=291484, stack(0x0000002b31700000,0x0000002b31800000)]
  0x000001e3476d1980 JavaThread "Sweeper thread" daemon [_thread_blocked, id=290896, stack(0x0000002b31800000,0x0000002b31900000)]
  0x000001e34768edd0 JavaThread "Common-Cleaner" daemon [_thread_blocked, id=291704, stack(0x0000002b31900000,0x0000002b31a00000)]
  0x000001e38dadeaf0 JavaThread "Monitor Ctrl-Break" daemon [_thread_in_native, id=288936, stack(0x0000002b31a00000,0x0000002b31b00000)]
  0x000001e38d22f130 JavaThread "Notification Thread" daemon [_thread_blocked, id=290980, stack(0x0000002b31b00000,0x0000002b31c00000)]
  0x000001e38d991560 JavaThread "Thread-0" [_thread_blocked, id=290396, stack(0x0000002b32000000,0x0000002b32100000)]
  0x000001e38e13f6c0 JavaThread "restartedMain" [_thread_blocked, id=238948, stack(0x0000002b32100000,0x0000002b32200000)]
  0x000001e39011bf80 JavaThread "Catalina-utility-1" [_thread_blocked, id=286004, stack(0x0000002b32400000,0x0000002b32500000)]
  0x000001e39011d3c0 JavaThread "Catalina-utility-2" [_thread_blocked, id=291948, stack(0x0000002b32b00000,0x0000002b32c00000)]
  0x000001e39011d8d0 JavaThread "container-0" [_thread_blocked, id=287544, stack(0x0000002b32c00000,0x0000002b32d00000)]
  0x000001e39011e2f0 JavaThread "mysql-cj-abandoned-connection-cleanup" daemon [_thread_blocked, id=288748, stack(0x0000002b32d00000,0x0000002b32e00000)]
  0x000001e39011c490 JavaThread "HikariPool-1:housekeeper" daemon [_thread_blocked, id=285104, stack(0x0000002b32f00000,0x0000002b33000000)]
  0x000001e39011c9a0 JavaThread "HikariPool-1:connection-adder" daemon [_thread_blocked, id=288716, stack(0x0000002b33000000,0x0000002b33100000)]
  0x000001e39011ceb0 JavaThread "HikariPool-2:housekeeper" daemon [_thread_blocked, id=291088, stack(0x0000002b33100000,0x0000002b33200000)]
  0x000001e39011dde0 JavaThread "HikariPool-2:connection-adder" daemon [_thread_blocked, id=251352, stack(0x0000002b33200000,0x0000002b33300000)]

Other Threads:
=>0x000001e34769d190 VMThread "VM Thread" [stack: 0x0000002b30f00000,0x0000002b31000000] [id=286664]
  0x000001e38d28d470 WatcherThread [stack: 0x0000002b31c00000,0x0000002b31d00000] [id=284996]
  0x000001e329df1e20 GCTaskThread "GC Thread#0" [stack: 0x0000002b30a00000,0x0000002b30b00000] [id=288968]
  0x000001e38dcc02d0 GCTaskThread "GC Thread#1" [stack: 0x0000002b31d00000,0x0000002b31e00000] [id=289060]
  0x000001e38db16aa0 GCTaskThread "GC Thread#2" [stack: 0x0000002b31e00000,0x0000002b31f00000] [id=292268]
  0x000001e38e117180 GCTaskThread "GC Thread#3" [stack: 0x0000002b31f00000,0x0000002b32000000] [id=289632]
  0x000001e38e1d1a40 GCTaskThread "GC Thread#4" [stack: 0x0000002b32200000,0x0000002b32300000] [id=291552]
  0x000001e38e18ffa0 GCTaskThread "GC Thread#5" [stack: 0x0000002b32300000,0x0000002b32400000] [id=289932]
  0x000001e38e8887b0 GCTaskThread "GC Thread#6" [stack: 0x0000002b32500000,0x0000002b32600000] [id=288872]
  0x000001e38f206df0 GCTaskThread "GC Thread#7" [stack: 0x0000002b32600000,0x0000002b32700000] [id=292312]
  0x000001e38e7ea150 GCTaskThread "GC Thread#8" [stack: 0x0000002b32700000,0x0000002b32800000] [id=292444]
  0x000001e38f34a020 GCTaskThread "GC Thread#9" [stack: 0x0000002b32800000,0x0000002b32900000] [id=290488]
  0x000001e329e01590 ConcurrentGCThread "G1 Main Marker" [stack: 0x0000002b30b00000,0x0000002b30c00000] [id=292028]
  0x000001e329e039d0 ConcurrentGCThread "G1 Conc#0" [stack: 0x0000002b30c00000,0x0000002b30d00000] [id=292084]
  0x000001e38f90e8e0 ConcurrentGCThread "G1 Conc#1" [stack: 0x0000002b32900000,0x0000002b32a00000] [id=292660]
  0x000001e38f90dde0 ConcurrentGCThread "G1 Conc#2" [stack: 0x0000002b32a00000,0x0000002b32b00000] [id=290692]
  0x000001e34755c410 ConcurrentGCThread "G1 Refine#0" [stack: 0x0000002b30d00000,0x0000002b30e00000] [id=292048]
  0x000001e391dd2890 ConcurrentGCThread "G1 Refine#1" [stack: 0x0000002b33300000,0x0000002b33400000] [id=287868]
  0x000001e391dd2b80 ConcurrentGCThread "G1 Refine#2" [stack: 0x0000002b33400000,0x0000002b33500000] [id=286824]
  0x000001e391dd2e70 ConcurrentGCThread "G1 Refine#3" [stack: 0x0000002b33500000,0x0000002b33600000] [id=286252]
  0x000001e391dd3160 ConcurrentGCThread "G1 Refine#4" [stack: 0x0000002b33600000,0x0000002b33700000] [id=292852]
  0x000001e329e2d870 ConcurrentGCThread "G1 Service" [stack: 0x0000002b30e00000,0x0000002b30f00000] [id=289520]

Threads with active compile tasks:
C2 CompilerThread0    13334 10098       4       org.antlr.v4.runtime.atn.PredictionContext::getCachedContext (261 bytes)

VM state: at safepoint (normal execution)

VM Mutex/Monitor currently owned by a thread:  ([mutex/lock_event])
[0x000001e327908ce0] Threads_lock - owner thread: 0x000001e34769d190
[0x000001e329d97b50] Heap_lock - owner thread: 0x000001e38e13f6c0

Heap address: 0x000000008ca00000, size: 1846 MB, Compressed Oops mode: 32-bit

CDS archive(s) mapped at: [0x000001e348000000-0x000001e348bb0000-0x000001e348bb0000), size 12255232, SharedBaseAddress: 0x000001e348000000, ArchiveRelocationMode: 1.
Compressed class space mapped at: 0x000001e349000000-0x000001e389000000, reserved size: 1073741824
Narrow klass base: 0x000001e348000000, Narrow klass shift: 0, Narrow klass range: 0x100000000

GC Precious Log:
 CPUs: 12 total, 12 available
 Memory: 7379M
 Large Page Support: Disabled
 NUMA Support: Disabled
 Compressed Oops: Enabled (32-bit)
 Heap Region Size: 1M
 Heap Min Capacity: 8M
 Heap Initial Capacity: 116M
 Heap Max Capacity: 1846M
 Pre-touch: Disabled
 Parallel Workers: 10
 Concurrent Workers: 3
 Concurrent Refinement Workers: 10
 Periodic GC: Disabled

Heap:
 garbage-first heap   total 215040K, used 114947K [0x000000008ca00000, 0x0000000100000000)
  region size 1024K, 5 young (5120K), 5 survivors (5120K)
 Metaspace       used 83068K, committed 83648K, reserved 1179648K
  class space    used 11366K, committed 11648K, reserved 1048576K

Heap Regions: E=young(eden), S=young(survivor), O=old, HS=humongous(starts), HC=humongous(continues), CS=collection set, F=free, OA=open archive, CA=closed archive, TAMS=top-at-mark-start (previous, next)
|   0|0x000000008ca00000, 0x000000008cb00000, 0x000000008cb00000|100%|HS|  |TAMS 0x000000008cb00000, 0x000000008ca00000| Complete 
|   1|0x000000008cb00000, 0x000000008cc00000, 0x000000008cc00000|100%|HS|  |TAMS 0x000000008cc00000, 0x000000008cb00000| Complete 
|   2|0x000000008cc00000, 0x000000008cd00000, 0x000000008cd00000|100%| O|  |TAMS 0x000000008cd00000, 0x000000008cc00000| Untracked 
|   3|0x000000008cd00000, 0x000000008ce00000, 0x000000008ce00000|100%| O|  |TAMS 0x000000008ce00000, 0x000000008cd00000| Untracked 
|   4|0x000000008ce00000, 0x000000008cf00000, 0x000000008cf00000|100%| O|  |TAMS 0x000000008cf00000, 0x000000008ce00000| Untracked 
|   5|0x000000008cf00000, 0x000000008d000000, 0x000000008d000000|100%| O|  |TAMS 0x000000008d000000, 0x000000008cf00000| Untracked 
|   6|0x000000008d000000, 0x000000008d100000, 0x000000008d100000|100%| O|  |TAMS 0x000000008d100000, 0x000000008d000000| Untracked 
|   7|0x000000008d100000, 0x000000008d200000, 0x000000008d200000|100%| O|  |TAMS 0x000000008d200000, 0x000000008d100000| Untracked 
|   8|0x000000008d200000, 0x000000008d300000, 0x000000008d300000|100%| O|  |TAMS 0x000000008d300000, 0x000000008d200000| Untracked 
|   9|0x000000008d300000, 0x000000008d400000, 0x000000008d400000|100%| O|  |TAMS 0x000000008d400000, 0x000000008d300000| Untracked 
|  10|0x000000008d400000, 0x000000008d500000, 0x000000008d500000|100%| O|  |TAMS 0x000000008d500000, 0x000000008d400000| Untracked 
|  11|0x000000008d500000, 0x000000008d600000, 0x000000008d600000|100%| O|  |TAMS 0x000000008d600000, 0x000000008d500000| Untracked 
|  12|0x000000008d600000, 0x000000008d700000, 0x000000008d700000|100%| O|  |TAMS 0x000000008d700000, 0x000000008d600000| Untracked 
|  13|0x000000008d700000, 0x000000008d800000, 0x000000008d800000|100%| O|  |TAMS 0x000000008d800000, 0x000000008d700000| Untracked 
|  14|0x000000008d800000, 0x000000008d900000, 0x000000008d900000|100%| O|  |TAMS 0x000000008d900000, 0x000000008d800000| Untracked 
|  15|0x000000008d900000, 0x000000008da00000, 0x000000008da00000|100%| O|  |TAMS 0x000000008da00000, 0x000000008d900000| Untracked 
|  16|0x000000008da00000, 0x000000008db00000, 0x000000008db00000|100%| O|  |TAMS 0x000000008db00000, 0x000000008da00000| Untracked 
|  17|0x000000008db00000, 0x000000008dc00000, 0x000000008dc00000|100%| O|  |TAMS 0x000000008dc00000, 0x000000008db00000| Untracked 
|  18|0x000000008dc00000, 0x000000008dd00000, 0x000000008dd00000|100%| O|  |TAMS 0x000000008dd00000, 0x000000008dc00000| Untracked 
|  19|0x000000008dd00000, 0x000000008de00000, 0x000000008de00000|100%| O|  |TAMS 0x000000008de00000, 0x000000008dd00000| Untracked 
|  20|0x000000008de00000, 0x000000008df00000, 0x000000008df00000|100%| O|  |TAMS 0x000000008df00000, 0x000000008de00000| Untracked 
|  21|0x000000008df00000, 0x000000008e000000, 0x000000008e000000|100%| O|  |TAMS 0x000000008e000000, 0x000000008df00000| Untracked 
|  22|0x000000008e000000, 0x000000008e100000, 0x000000008e100000|100%| O|  |TAMS 0x000000008e100000, 0x000000008e000000| Untracked 
|  23|0x000000008e100000, 0x000000008e200000, 0x000000008e200000|100%| O|  |TAMS 0x000000008e200000, 0x000000008e100000| Untracked 
|  24|0x000000008e200000, 0x000000008e300000, 0x000000008e300000|100%| O|  |TAMS 0x000000008e300000, 0x000000008e200000| Untracked 
|  25|0x000000008e300000, 0x000000008e400000, 0x000000008e400000|100%| O|  |TAMS 0x000000008e400000, 0x000000008e300000| Untracked 
|  26|0x000000008e400000, 0x000000008e500000, 0x000000008e500000|100%| O|  |TAMS 0x000000008e500000, 0x000000008e400000| Untracked 
|  27|0x000000008e500000, 0x000000008e600000, 0x000000008e600000|100%| O|  |TAMS 0x000000008e600000, 0x000000008e500000| Untracked 
|  28|0x000000008e600000, 0x000000008e700000, 0x000000008e700000|100%| O|  |TAMS 0x000000008e700000, 0x000000008e600000| Untracked 
|  29|0x000000008e700000, 0x000000008e800000, 0x000000008e800000|100%| O|  |TAMS 0x000000008e800000, 0x000000008e700000| Untracked 
|  30|0x000000008e800000, 0x000000008e900000, 0x000000008e900000|100%| O|  |TAMS 0x000000008e900000, 0x000000008e800000| Untracked 
|  31|0x000000008e900000, 0x000000008ea00000, 0x000000008ea00000|100%| O|  |TAMS 0x000000008ea00000, 0x000000008e900000| Untracked 
|  32|0x000000008ea00000, 0x000000008eb00000, 0x000000008eb00000|100%| O|  |TAMS 0x000000008eb00000, 0x000000008ea00000| Untracked 
|  33|0x000000008eb00000, 0x000000008ec00000, 0x000000008ec00000|100%| O|  |TAMS 0x000000008ec00000, 0x000000008eb00000| Untracked 
|  34|0x000000008ec00000, 0x000000008ed00000, 0x000000008ed00000|100%| O|  |TAMS 0x000000008ed00000, 0x000000008ec00000| Untracked 
|  35|0x000000008ed00000, 0x000000008ee00000, 0x000000008ee00000|100%| O|  |TAMS 0x000000008ee00000, 0x000000008ed00000| Untracked 
|  36|0x000000008ee00000, 0x000000008ef00000, 0x000000008ef00000|100%| O|  |TAMS 0x000000008ef00000, 0x000000008ee00000| Untracked 
|  37|0x000000008ef00000, 0x000000008f000000, 0x000000008f000000|100%| O|  |TAMS 0x000000008f000000, 0x000000008ef00000| Untracked 
|  38|0x000000008f000000, 0x000000008f100000, 0x000000008f100000|100%| O|  |TAMS 0x000000008f100000, 0x000000008f000000| Untracked 
|  39|0x000000008f100000, 0x000000008f200000, 0x000000008f200000|100%| O|  |TAMS 0x000000008f200000, 0x000000008f100000| Untracked 
|  40|0x000000008f200000, 0x000000008f300000, 0x000000008f300000|100%| O|  |TAMS 0x000000008f300000, 0x000000008f200000| Untracked 
|  41|0x000000008f300000, 0x000000008f400000, 0x000000008f400000|100%| O|  |TAMS 0x000000008f400000, 0x000000008f300000| Untracked 
|  42|0x000000008f400000, 0x000000008f500000, 0x000000008f500000|100%| O|  |TAMS 0x000000008f500000, 0x000000008f400000| Untracked 
|  43|0x000000008f500000, 0x000000008f600000, 0x000000008f600000|100%| O|  |TAMS 0x000000008f600000, 0x000000008f500000| Untracked 
|  44|0x000000008f600000, 0x000000008f700000, 0x000000008f700000|100%| O|  |TAMS 0x000000008f700000, 0x000000008f600000| Untracked 
|  45|0x000000008f700000, 0x000000008f800000, 0x000000008f800000|100%| O|  |TAMS 0x000000008f800000, 0x000000008f700000| Untracked 
|  46|0x000000008f800000, 0x000000008f900000, 0x000000008f900000|100%| O|  |TAMS 0x000000008f900000, 0x000000008f800000| Untracked 
|  47|0x000000008f900000, 0x000000008fa00000, 0x000000008fa00000|100%| O|  |TAMS 0x000000008fa00000, 0x000000008f900000| Untracked 
|  48|0x000000008fa00000, 0x000000008fb00000, 0x000000008fb00000|100%| O|  |TAMS 0x000000008fb00000, 0x000000008fa00000| Untracked 
|  49|0x000000008fb00000, 0x000000008fc00000, 0x000000008fc00000|100%| O|  |TAMS 0x000000008fc00000, 0x000000008fb00000| Untracked 
|  50|0x000000008fc00000, 0x000000008fd00000, 0x000000008fd00000|100%| O|  |TAMS 0x000000008fd00000, 0x000000008fc00000| Untracked 
|  51|0x000000008fd00000, 0x000000008fe00000, 0x000000008fe00000|100%| O|  |TAMS 0x000000008fe00000, 0x000000008fd00000| Untracked 
|  52|0x000000008fe00000, 0x000000008ff00000, 0x000000008ff00000|100%| O|  |TAMS 0x000000008ff00000, 0x000000008fe00000| Untracked 
|  53|0x000000008ff00000, 0x0000000090000000, 0x0000000090000000|100%| O|  |TAMS 0x0000000090000000, 0x000000008ff00000| Untracked 
|  54|0x0000000090000000, 0x0000000090100000, 0x0000000090100000|100%| O|  |TAMS 0x0000000090100000, 0x0000000090000000| Untracked 
|  55|0x0000000090100000, 0x0000000090200000, 0x0000000090200000|100%| O|  |TAMS 0x0000000090100000, 0x0000000090100000| Untracked 
|  56|0x0000000090200000, 0x0000000090300000, 0x0000000090300000|100%| O|  |TAMS 0x0000000090300000, 0x0000000090200000| Untracked 
|  57|0x0000000090300000, 0x0000000090400000, 0x0000000090400000|100%| O|  |TAMS 0x0000000090300000, 0x0000000090300000| Untracked 
|  58|0x0000000090400000, 0x0000000090500000, 0x0000000090500000|100%| O|  |TAMS 0x0000000090400000, 0x0000000090400000| Untracked 
|  59|0x0000000090500000, 0x0000000090600000, 0x0000000090600000|100%| O|  |TAMS 0x0000000090500000, 0x0000000090500000| Untracked 
|  60|0x0000000090600000, 0x0000000090700000, 0x0000000090700000|100%| O|  |TAMS 0x0000000090600000, 0x0000000090600000| Untracked 
|  61|0x0000000090700000, 0x0000000090800000, 0x0000000090800000|100%| O|  |TAMS 0x0000000090700000, 0x0000000090700000| Untracked 
|  62|0x0000000090800000, 0x0000000090900000, 0x0000000090900000|100%| O|  |TAMS 0x0000000090800000, 0x0000000090800000| Untracked 
|  63|0x0000000090900000, 0x0000000090a00000, 0x0000000090a00000|100%| O|  |TAMS 0x0000000090900000, 0x0000000090900000| Untracked 
|  64|0x0000000090a00000, 0x0000000090b00000, 0x0000000090b00000|100%| O|  |TAMS 0x0000000090a00000, 0x0000000090a00000| Untracked 
|  65|0x0000000090b00000, 0x0000000090b40c00, 0x0000000090c00000| 25%| O|  |TAMS 0x0000000090b00000, 0x0000000090b00000| Untracked 
|  66|0x0000000090c00000, 0x0000000090c00000, 0x0000000090d00000|  0%| F|  |TAMS 0x0000000090c00000, 0x0000000090c00000| Untracked 
|  67|0x0000000090d00000, 0x0000000090e00000, 0x0000000090e00000|100%| O|  |TAMS 0x0000000090e00000, 0x0000000090d00000| Untracked 
|  68|0x0000000090e00000, 0x0000000090f00000, 0x0000000090f00000|100%| O|  |TAMS 0x0000000090f00000, 0x0000000090e00000| Untracked 
|  69|0x0000000090f00000, 0x0000000091000000, 0x0000000091000000|100%| O|  |TAMS 0x0000000091000000, 0x0000000090f00000| Untracked 
|  70|0x0000000091000000, 0x0000000091100000, 0x0000000091100000|100%| O|  |TAMS 0x0000000091100000, 0x0000000091000000| Complete 
|  71|0x0000000091100000, 0x0000000091200000, 0x0000000091200000|100%| O|  |TAMS 0x0000000091200000, 0x0000000091100000| Complete 
|  72|0x0000000091200000, 0x0000000091300000, 0x0000000091300000|100%| O|  |TAMS 0x0000000091300000, 0x0000000091200000| Untracked 
|  73|0x0000000091300000, 0x0000000091400000, 0x0000000091400000|100%| O|  |TAMS 0x0000000091400000, 0x0000000091300000| Untracked 
|  74|0x0000000091400000, 0x0000000091500000, 0x0000000091500000|100%|HS|  |TAMS 0x0000000091500000, 0x0000000091400000| Complete 
|  75|0x0000000091500000, 0x0000000091600000, 0x0000000091600000|100%| O|  |TAMS 0x0000000091600000, 0x0000000091500000| Untracked 
|  76|0x0000000091600000, 0x0000000091700000, 0x0000000091700000|100%| O|  |TAMS 0x0000000091700000, 0x0000000091600000| Untracked 
|  77|0x0000000091700000, 0x0000000091800000, 0x0000000091800000|100%| O|  |TAMS 0x0000000091800000, 0x0000000091700000| Untracked 
|  78|0x0000000091800000, 0x0000000091900000, 0x0000000091900000|100%| O|  |TAMS 0x0000000091900000, 0x0000000091800000| Untracked 
|  79|0x0000000091900000, 0x0000000091a00000, 0x0000000091a00000|100%| O|  |TAMS 0x0000000091a00000, 0x0000000091900000| Untracked 
|  80|0x0000000091a00000, 0x0000000091b00000, 0x0000000091b00000|100%| O|  |TAMS 0x0000000091b00000, 0x0000000091a00000| Untracked 
|  81|0x0000000091b00000, 0x0000000091c00000, 0x0000000091c00000|100%| O|  |TAMS 0x0000000091c00000, 0x0000000091b00000| Untracked 
|  82|0x0000000091c00000, 0x0000000091d00000, 0x0000000091d00000|100%| O|  |TAMS 0x0000000091d00000, 0x0000000091c00000| Untracked 
|  83|0x0000000091d00000, 0x0000000091e00000, 0x0000000091e00000|100%| O|  |TAMS 0x0000000091e00000, 0x0000000091d00000| Untracked 
|  84|0x0000000091e00000, 0x0000000091f00000, 0x0000000091f00000|100%| O|  |TAMS 0x0000000091f00000, 0x0000000091e00000| Untracked 
|  85|0x0000000091f00000, 0x0000000092000000, 0x0000000092000000|100%| O|  |TAMS 0x0000000092000000, 0x0000000091f00000| Untracked 
|  86|0x0000000092000000, 0x0000000092100000, 0x0000000092100000|100%| O|  |TAMS 0x0000000092100000, 0x0000000092000000| Untracked 
|  87|0x0000000092100000, 0x0000000092200000, 0x0000000092200000|100%| O|  |TAMS 0x0000000092200000, 0x0000000092100000| Untracked 
|  88|0x0000000092200000, 0x0000000092300000, 0x0000000092300000|100%| O|  |TAMS 0x0000000092300000, 0x0000000092200000| Untracked 
|  89|0x0000000092300000, 0x0000000092400000, 0x0000000092400000|100%| O|  |TAMS 0x0000000092400000, 0x0000000092300000| Untracked 
|  90|0x0000000092400000, 0x0000000092500000, 0x0000000092500000|100%| O|  |TAMS 0x0000000092500000, 0x0000000092400000| Untracked 
|  91|0x0000000092500000, 0x0000000092600000, 0x0000000092600000|100%| O|  |TAMS 0x0000000092600000, 0x0000000092500000| Untracked 
|  92|0x0000000092600000, 0x0000000092700000, 0x0000000092700000|100%| O|  |TAMS 0x0000000092700000, 0x0000000092600000| Untracked 
|  93|0x0000000092700000, 0x0000000092800000, 0x0000000092800000|100%| O|  |TAMS 0x0000000092700000, 0x0000000092700000| Untracked 
|  94|0x0000000092800000, 0x0000000092900000, 0x0000000092900000|100%| O|  |TAMS 0x0000000092800000, 0x0000000092800000| Untracked 
|  95|0x0000000092900000, 0x0000000092a00000, 0x0000000092a00000|100%| O|  |TAMS 0x0000000092900000, 0x0000000092900000| Untracked 
|  96|0x0000000092a00000, 0x0000000092b00000, 0x0000000092b00000|100%| O|  |TAMS 0x0000000092a00000, 0x0000000092a00000| Untracked 
|  97|0x0000000092b00000, 0x0000000092c00000, 0x0000000092c00000|100%| O|  |TAMS 0x0000000092b00000, 0x0000000092b00000| Untracked 
|  98|0x0000000092c00000, 0x0000000092d00000, 0x0000000092d00000|100%| O|  |TAMS 0x0000000092c00000, 0x0000000092c00000| Untracked 
|  99|0x0000000092d00000, 0x0000000092e00000, 0x0000000092e00000|100%| O|  |TAMS 0x0000000092d00000, 0x0000000092d00000| Untracked 
| 100|0x0000000092e00000, 0x0000000092f00000, 0x0000000092f00000|100%| O|  |TAMS 0x0000000092e00000, 0x0000000092e00000| Untracked 
| 101|0x0000000092f00000, 0x0000000093000000, 0x0000000093000000|100%| O|  |TAMS 0x0000000092f00000, 0x0000000092f00000| Untracked 
| 102|0x0000000093000000, 0x0000000093100000, 0x0000000093100000|100%| O|  |TAMS 0x0000000093000000, 0x0000000093000000| Untracked 
| 103|0x0000000093100000, 0x0000000093200000, 0x0000000093200000|100%| O|  |TAMS 0x0000000093100000, 0x0000000093100000| Untracked 
| 104|0x0000000093200000, 0x0000000093300000, 0x0000000093300000|100%| O|  |TAMS 0x0000000093200000, 0x0000000093200000| Untracked 
| 105|0x0000000093300000, 0x0000000093400000, 0x0000000093400000|100%| O|  |TAMS 0x0000000093300000, 0x0000000093300000| Untracked 
| 106|0x0000000093400000, 0x0000000093500000, 0x0000000093500000|100%| O|  |TAMS 0x0000000093400000, 0x0000000093400000| Untracked 
| 107|0x0000000093500000, 0x0000000093600000, 0x0000000093600000|100%|HS|  |TAMS 0x0000000093500000, 0x0000000093500000| Complete 
| 108|0x0000000093600000, 0x0000000093700000, 0x0000000093700000|100%|HC|  |TAMS 0x0000000093600000, 0x0000000093600000| Complete 
| 109|0x0000000093700000, 0x0000000093700000, 0x0000000093800000|  0%| F|  |TAMS 0x0000000093700000, 0x0000000093700000| Untracked 
| 110|0x0000000093800000, 0x0000000093800000, 0x0000000093900000|  0%| F|  |TAMS 0x0000000093800000, 0x0000000093800000| Untracked 
| 111|0x0000000093900000, 0x0000000093900000, 0x0000000093a00000|  0%| F|  |TAMS 0x0000000093900000, 0x0000000093900000| Untracked 
| 112|0x0000000093a00000, 0x0000000093a00000, 0x0000000093b00000|  0%| F|  |TAMS 0x0000000093a00000, 0x0000000093a00000| Untracked 
| 113|0x0000000093b00000, 0x0000000093b00000, 0x0000000093c00000|  0%| F|  |TAMS 0x0000000093b00000, 0x0000000093b00000| Untracked 
| 114|0x0000000093c00000, 0x0000000093c00000, 0x0000000093d00000|  0%| F|  |TAMS 0x0000000093c00000, 0x0000000093c00000| Untracked 
| 115|0x0000000093d00000, 0x0000000093d00000, 0x0000000093e00000|  0%| F|  |TAMS 0x0000000093d00000, 0x0000000093d00000| Untracked 
| 116|0x0000000093e00000, 0x0000000093e00000, 0x0000000093f00000|  0%| F|  |TAMS 0x0000000093e00000, 0x0000000093e00000| Untracked 
| 117|0x0000000093f00000, 0x0000000093f00000, 0x0000000094000000|  0%| F|  |TAMS 0x0000000093f00000, 0x0000000093f00000| Untracked 
| 118|0x0000000094000000, 0x0000000094000000, 0x0000000094100000|  0%| F|  |TAMS 0x0000000094000000, 0x0000000094000000| Untracked 
| 119|0x0000000094100000, 0x0000000094100000, 0x0000000094200000|  0%| F|  |TAMS 0x0000000094100000, 0x0000000094100000| Untracked 
| 120|0x0000000094200000, 0x0000000094200000, 0x0000000094300000|  0%| F|  |TAMS 0x0000000094200000, 0x0000000094200000| Untracked 
| 121|0x0000000094300000, 0x0000000094300000, 0x0000000094400000|  0%| F|  |TAMS 0x0000000094300000, 0x0000000094300000| Untracked 
| 122|0x0000000094400000, 0x0000000094400000, 0x0000000094500000|  0%| F|  |TAMS 0x0000000094400000, 0x0000000094400000| Untracked 
| 123|0x0000000094500000, 0x0000000094500000, 0x0000000094600000|  0%| F|  |TAMS 0x0000000094500000, 0x0000000094500000| Untracked 
| 124|0x0000000094600000, 0x0000000094600000, 0x0000000094700000|  0%| F|  |TAMS 0x0000000094600000, 0x0000000094600000| Untracked 
| 125|0x0000000094700000, 0x0000000094700000, 0x0000000094800000|  0%| F|  |TAMS 0x0000000094700000, 0x0000000094700000| Untracked 
| 126|0x0000000094800000, 0x0000000094800000, 0x0000000094900000|  0%| F|  |TAMS 0x0000000094800000, 0x0000000094800000| Untracked 
| 127|0x0000000094900000, 0x0000000094900000, 0x0000000094a00000|  0%| F|  |TAMS 0x0000000094900000, 0x0000000094900000| Untracked 
| 128|0x0000000094a00000, 0x0000000094a00000, 0x0000000094b00000|  0%| F|  |TAMS 0x0000000094a00000, 0x0000000094a00000| Untracked 
| 129|0x0000000094b00000, 0x0000000094b00000, 0x0000000094c00000|  0%| F|  |TAMS 0x0000000094b00000, 0x0000000094b00000| Untracked 
| 130|0x0000000094c00000, 0x0000000094c00000, 0x0000000094d00000|  0%| F|  |TAMS 0x0000000094c00000, 0x0000000094c00000| Untracked 
| 131|0x0000000094d00000, 0x0000000094d00000, 0x0000000094e00000|  0%| F|  |TAMS 0x0000000094d00000, 0x0000000094d00000| Untracked 
| 132|0x0000000094e00000, 0x0000000094e00000, 0x0000000094f00000|  0%| F|  |TAMS 0x0000000094e00000, 0x0000000094e00000| Untracked 
| 133|0x0000000094f00000, 0x0000000094f00000, 0x0000000095000000|  0%| F|  |TAMS 0x0000000094f00000, 0x0000000094f00000| Untracked 
| 134|0x0000000095000000, 0x0000000095000000, 0x0000000095100000|  0%| F|  |TAMS 0x0000000095000000, 0x0000000095000000| Untracked 
| 135|0x0000000095100000, 0x0000000095100000, 0x0000000095200000|  0%| F|  |TAMS 0x0000000095100000, 0x0000000095100000| Untracked 
| 136|0x0000000095200000, 0x0000000095200000, 0x0000000095300000|  0%| F|  |TAMS 0x0000000095200000, 0x0000000095200000| Untracked 
| 137|0x0000000095300000, 0x0000000095300000, 0x0000000095400000|  0%| F|  |TAMS 0x0000000095300000, 0x0000000095300000| Untracked 
| 138|0x0000000095400000, 0x0000000095400000, 0x0000000095500000|  0%| F|  |TAMS 0x0000000095400000, 0x0000000095400000| Untracked 
| 139|0x0000000095500000, 0x0000000095500000, 0x0000000095600000|  0%| F|  |TAMS 0x0000000095500000, 0x0000000095500000| Untracked 
| 140|0x0000000095600000, 0x0000000095600000, 0x0000000095700000|  0%| F|  |TAMS 0x0000000095600000, 0x0000000095600000| Untracked 
| 141|0x0000000095700000, 0x0000000095700000, 0x0000000095800000|  0%| F|  |TAMS 0x0000000095700000, 0x0000000095700000| Untracked 
| 142|0x0000000095800000, 0x0000000095800000, 0x0000000095900000|  0%| F|  |TAMS 0x0000000095800000, 0x0000000095800000| Untracked 
| 143|0x0000000095900000, 0x0000000095900000, 0x0000000095a00000|  0%| F|  |TAMS 0x0000000095900000, 0x0000000095900000| Untracked 
| 144|0x0000000095a00000, 0x0000000095a00000, 0x0000000095b00000|  0%| F|  |TAMS 0x0000000095a00000, 0x0000000095a00000| Untracked 
| 145|0x0000000095b00000, 0x0000000095b00000, 0x0000000095c00000|  0%| F|  |TAMS 0x0000000095b00000, 0x0000000095b00000| Untracked 
| 146|0x0000000095c00000, 0x0000000095c00000, 0x0000000095d00000|  0%| F|  |TAMS 0x0000000095c00000, 0x0000000095c00000| Untracked 
| 147|0x0000000095d00000, 0x0000000095d00000, 0x0000000095e00000|  0%| F|  |TAMS 0x0000000095d00000, 0x0000000095d00000| Untracked 
| 148|0x0000000095e00000, 0x0000000095e00000, 0x0000000095f00000|  0%| F|  |TAMS 0x0000000095e00000, 0x0000000095e00000| Untracked 
| 149|0x0000000095f00000, 0x0000000095f00000, 0x0000000096000000|  0%| F|  |TAMS 0x0000000095f00000, 0x0000000095f00000| Untracked 
| 150|0x0000000096000000, 0x0000000096000000, 0x0000000096100000|  0%| F|  |TAMS 0x0000000096000000, 0x0000000096000000| Untracked 
| 151|0x0000000096100000, 0x0000000096100000, 0x0000000096200000|  0%| F|  |TAMS 0x0000000096100000, 0x0000000096100000| Untracked 
| 152|0x0000000096200000, 0x0000000096200000, 0x0000000096300000|  0%| F|  |TAMS 0x0000000096200000, 0x0000000096200000| Untracked 
| 153|0x0000000096300000, 0x0000000096300000, 0x0000000096400000|  0%| F|  |TAMS 0x0000000096300000, 0x0000000096300000| Untracked 
| 154|0x0000000096400000, 0x0000000096400000, 0x0000000096500000|  0%| F|  |TAMS 0x0000000096400000, 0x0000000096400000| Untracked 
| 155|0x0000000096500000, 0x0000000096500000, 0x0000000096600000|  0%| F|  |TAMS 0x0000000096500000, 0x0000000096500000| Untracked 
| 156|0x0000000096600000, 0x0000000096600000, 0x0000000096700000|  0%| F|  |TAMS 0x0000000096600000, 0x0000000096600000| Untracked 
| 157|0x0000000096700000, 0x0000000096700000, 0x0000000096800000|  0%| F|  |TAMS 0x0000000096700000, 0x0000000096700000| Untracked 
| 158|0x0000000096800000, 0x0000000096800000, 0x0000000096900000|  0%| F|  |TAMS 0x0000000096800000, 0x0000000096800000| Untracked 
| 159|0x0000000096900000, 0x0000000096900000, 0x0000000096a00000|  0%| F|  |TAMS 0x0000000096900000, 0x0000000096900000| Untracked 
| 160|0x0000000096a00000, 0x0000000096a00000, 0x0000000096b00000|  0%| F|  |TAMS 0x0000000096a00000, 0x0000000096a00000| Untracked 
| 161|0x0000000096b00000, 0x0000000096b00000, 0x0000000096c00000|  0%| F|  |TAMS 0x0000000096b00000, 0x0000000096b00000| Untracked 
| 162|0x0000000096c00000, 0x0000000096c00000, 0x0000000096d00000|  0%| F|  |TAMS 0x0000000096c00000, 0x0000000096c00000| Untracked 
| 163|0x0000000096d00000, 0x0000000096d00000, 0x0000000096e00000|  0%| F|  |TAMS 0x0000000096d00000, 0x0000000096d00000| Untracked 
| 164|0x0000000096e00000, 0x0000000096e00000, 0x0000000096f00000|  0%| F|  |TAMS 0x0000000096e00000, 0x0000000096e00000| Untracked 
| 165|0x0000000096f00000, 0x0000000096f00000, 0x0000000097000000|  0%| F|  |TAMS 0x0000000096f00000, 0x0000000096f00000| Untracked 
| 166|0x0000000097000000, 0x0000000097000000, 0x0000000097100000|  0%| F|  |TAMS 0x0000000097000000, 0x0000000097000000| Untracked 
| 167|0x0000000097100000, 0x0000000097100000, 0x0000000097200000|  0%| F|  |TAMS 0x0000000097100000, 0x0000000097100000| Untracked 
| 168|0x0000000097200000, 0x0000000097200000, 0x0000000097300000|  0%| F|  |TAMS 0x0000000097200000, 0x0000000097200000| Untracked 
| 169|0x0000000097300000, 0x0000000097300000, 0x0000000097400000|  0%| F|  |TAMS 0x0000000097300000, 0x0000000097300000| Untracked 
| 170|0x0000000097400000, 0x0000000097400000, 0x0000000097500000|  0%| F|  |TAMS 0x0000000097400000, 0x0000000097400000| Untracked 
| 171|0x0000000097500000, 0x0000000097500000, 0x0000000097600000|  0%| F|  |TAMS 0x0000000097500000, 0x0000000097500000| Untracked 
| 172|0x0000000097600000, 0x0000000097600000, 0x0000000097700000|  0%| F|  |TAMS 0x0000000097600000, 0x0000000097600000| Untracked 
| 173|0x0000000097700000, 0x0000000097700000, 0x0000000097800000|  0%| F|  |TAMS 0x0000000097700000, 0x0000000097700000| Untracked 
| 174|0x0000000097800000, 0x0000000097800000, 0x0000000097900000|  0%| F|  |TAMS 0x0000000097800000, 0x0000000097800000| Untracked 
| 175|0x0000000097900000, 0x0000000097900000, 0x0000000097a00000|  0%| F|  |TAMS 0x0000000097900000, 0x0000000097900000| Untracked 
| 176|0x0000000097a00000, 0x0000000097a00000, 0x0000000097b00000|  0%| F|  |TAMS 0x0000000097a00000, 0x0000000097a00000| Untracked 
| 177|0x0000000097b00000, 0x0000000097b00000, 0x0000000097c00000|  0%| F|  |TAMS 0x0000000097b00000, 0x0000000097b00000| Untracked 
| 178|0x0000000097c00000, 0x0000000097c00000, 0x0000000097d00000|  0%| F|  |TAMS 0x0000000097c00000, 0x0000000097c00000| Untracked 
| 179|0x0000000097d00000, 0x0000000097d00000, 0x0000000097e00000|  0%| F|  |TAMS 0x0000000097d00000, 0x0000000097d00000| Untracked 
| 180|0x0000000097e00000, 0x0000000097e00000, 0x0000000097f00000|  0%| F|  |TAMS 0x0000000097e00000, 0x0000000097e00000| Untracked 
| 181|0x0000000097f00000, 0x0000000097f00000, 0x0000000098000000|  0%| F|  |TAMS 0x0000000097f00000, 0x0000000097f00000| Untracked 
| 182|0x0000000098000000, 0x0000000098000000, 0x0000000098100000|  0%| F|  |TAMS 0x0000000098000000, 0x0000000098000000| Untracked 
| 183|0x0000000098100000, 0x0000000098100000, 0x0000000098200000|  0%| F|  |TAMS 0x0000000098100000, 0x0000000098100000| Untracked 
| 184|0x0000000098200000, 0x0000000098200000, 0x0000000098300000|  0%| F|  |TAMS 0x0000000098200000, 0x0000000098200000| Untracked 
| 185|0x0000000098300000, 0x0000000098300000, 0x0000000098400000|  0%| F|  |TAMS 0x0000000098300000, 0x0000000098300000| Untracked 
| 186|0x0000000098400000, 0x0000000098400000, 0x0000000098500000|  0%| F|  |TAMS 0x0000000098400000, 0x0000000098400000| Untracked 
| 187|0x0000000098500000, 0x0000000098500000, 0x0000000098600000|  0%| F|  |TAMS 0x0000000098500000, 0x0000000098500000| Untracked 
| 188|0x0000000098600000, 0x0000000098600000, 0x0000000098700000|  0%| F|  |TAMS 0x0000000098600000, 0x0000000098600000| Untracked 
| 189|0x0000000098700000, 0x0000000098700000, 0x0000000098800000|  0%| F|  |TAMS 0x0000000098700000, 0x0000000098700000| Untracked 
| 190|0x0000000098800000, 0x0000000098800000, 0x0000000098900000|  0%| F|  |TAMS 0x0000000098800000, 0x0000000098800000| Untracked 
| 191|0x0000000098900000, 0x0000000098900000, 0x0000000098a00000|  0%| F|  |TAMS 0x0000000098900000, 0x0000000098900000| Untracked 
| 192|0x0000000098a00000, 0x0000000098a00000, 0x0000000098b00000|  0%| F|  |TAMS 0x0000000098a00000, 0x0000000098a00000| Untracked 
| 193|0x0000000098b00000, 0x0000000098b00000, 0x0000000098c00000|  0%| F|  |TAMS 0x0000000098b00000, 0x0000000098b00000| Untracked 
| 194|0x0000000098c00000, 0x0000000098c00000, 0x0000000098d00000|  0%| F|  |TAMS 0x0000000098c00000, 0x0000000098c00000| Untracked 
| 195|0x0000000098d00000, 0x0000000098d00000, 0x0000000098e00000|  0%| F|  |TAMS 0x0000000098d00000, 0x0000000098d00000| Untracked 
| 196|0x0000000098e00000, 0x0000000098e00000, 0x0000000098f00000|  0%| F|  |TAMS 0x0000000098e00000, 0x0000000098e00000| Untracked 
| 197|0x0000000098f00000, 0x0000000098f00000, 0x0000000099000000|  0%| F|  |TAMS 0x0000000098f00000, 0x0000000098f00000| Untracked 
| 198|0x0000000099000000, 0x0000000099000000, 0x0000000099100000|  0%| F|  |TAMS 0x0000000099000000, 0x0000000099000000| Untracked 
| 199|0x0000000099100000, 0x0000000099200000, 0x0000000099200000|100%| S|CS|TAMS 0x0000000099100000, 0x0000000099100000| Complete 
| 200|0x0000000099200000, 0x0000000099300000, 0x0000000099300000|100%| S|CS|TAMS 0x0000000099200000, 0x0000000099200000| Complete 
| 201|0x0000000099300000, 0x0000000099400000, 0x0000000099400000|100%| S|CS|TAMS 0x0000000099300000, 0x0000000099300000| Complete 
| 202|0x0000000099400000, 0x0000000099500000, 0x0000000099500000|100%| S|CS|TAMS 0x0000000099400000, 0x0000000099400000| Complete 
| 203|0x0000000099500000, 0x0000000099600000, 0x0000000099600000|100%| S|CS|TAMS 0x0000000099500000, 0x0000000099500000| Complete 
| 204|0x0000000099600000, 0x0000000099600000, 0x0000000099700000|  0%| F|  |TAMS 0x0000000099600000, 0x0000000099600000| Untracked 
| 205|0x0000000099700000, 0x0000000099700000, 0x0000000099800000|  0%| F|  |TAMS 0x0000000099700000, 0x0000000099700000| Untracked 
| 206|0x0000000099800000, 0x0000000099800000, 0x0000000099900000|  0%| F|  |TAMS 0x0000000099800000, 0x0000000099800000| Untracked 
| 207|0x0000000099900000, 0x0000000099900000, 0x0000000099a00000|  0%| F|  |TAMS 0x0000000099900000, 0x0000000099900000| Untracked 
| 208|0x0000000099a00000, 0x0000000099a00000, 0x0000000099b00000|  0%| F|  |TAMS 0x0000000099a00000, 0x0000000099a00000| Untracked 
| 209|0x0000000099b00000, 0x0000000099b00000, 0x0000000099c00000|  0%| F|  |TAMS 0x0000000099b00000, 0x0000000099b00000| Untracked 

Card table byte_map: [0x000001e3411c0000,0x000001e341560000] _byte_map_base: 0x000001e340d5b000

Marking Bits (Prev, Next): (CMBitMap*) 0x000001e329df2480, (CMBitMap*) 0x000001e329df2440
 Prev Bits: [0x000001e3435e0000, 0x000001e3452b8000)
 Next Bits: [0x000001e341900000, 0x000001e3435d8000)

Polling page: 0x000001e327bd0000

Metaspace:

Usage:
  Non-class:     70.02 MB used.
      Class:     11.10 MB used.
       Both:     81.12 MB used.

Virtual space:
  Non-class space:      128.00 MB reserved,      70.31 MB ( 55%) committed,  2 nodes.
      Class space:        1.00 GB reserved,      11.38 MB (  1%) committed,  1 nodes.
             Both:        1.12 GB reserved,      81.69 MB (  7%) committed. 

Chunk freelists:
   Non-Class:  9.27 MB
       Class:  4.64 MB
        Both:  13.91 MB

MaxMetaspaceSize: unlimited
CompressedClassSpaceSize: 1.00 GB
Initial GC threshold: 21.00 MB
Current GC threshold: 136.19 MB
CDS: on
MetaspaceReclaimPolicy: balanced
 - commit_granule_bytes: 65536.
 - commit_granule_words: 8192.
 - virtual_space_node_default_size: 8388608.
 - enlarge_chunks_in_place: 1.
 - new_chunks_are_fully_committed: 0.
 - uncommit_free_chunks: 1.
 - use_allocation_guard: 0.
 - handle_deallocations: 1.


Internal statistics:

num_allocs_failed_limit: 9.
num_arena_births: 918.
num_arena_deaths: 4.
num_vsnodes_births: 3.
num_vsnodes_deaths: 0.
num_space_committed: 1305.
num_space_uncommitted: 0.
num_chunks_returned_to_freelist: 15.
num_chunks_taken_from_freelist: 3904.
num_chunk_merges: 7.
num_chunk_splits: 2827.
num_chunks_enlarged: 2195.
num_inconsistent_stats: 0.

CodeHeap 'non-profiled nmethods': size=120000Kb used=3964Kb max_used=3964Kb free=116035Kb
 bounds [0x000001e3393a0000, 0x000001e339780000, 0x000001e3408d0000]
CodeHeap 'profiled nmethods': size=120000Kb used=15674Kb max_used=15674Kb free=104325Kb
 bounds [0x000001e3318d0000, 0x000001e332820000, 0x000001e338e00000]
CodeHeap 'non-nmethods': size=5760Kb used=1383Kb max_used=1435Kb free=4376Kb
 bounds [0x000001e338e00000, 0x000001e339070000, 0x000001e3393a0000]
 total_blobs=9736 nmethods=9019 adapters=628
 compilation: enabled
              stopped_count=0, restarted_count=0
 full_count=0

Compilation events (20 events):
Event: 11.872 Thread 0x000001e3476c3e50 10109       3       org.antlr.v4.runtime.BufferedTokenStream::nextTokenOnChannel (85 bytes)
Event: 11.872 Thread 0x000001e3476c3e50 nmethod 10109 0x000001e332819010 code [0x000001e332819260, 0x000001e332819e58]
Event: 11.872 Thread 0x000001e3476c3e50 10110       3       org.antlr.v4.runtime.atn.ATNConfigSet::<init> (44 bytes)
Event: 11.873 Thread 0x000001e3476c3e50 nmethod 10110 0x000001e33281a190 code [0x000001e33281a380, 0x000001e33281a878]
Event: 11.874 Thread 0x000001e3476c3e50 10111       2       org.antlr.v4.runtime.tree.TerminalNodeImpl::accept (8 bytes)
Event: 11.875 Thread 0x000001e3476c3e50 nmethod 10111 0x000001e33281aa90 code [0x000001e33281ac40, 0x000001e33281ad68]
Event: 11.875 Thread 0x000001e3476c3e50 10112       2       org.antlr.v4.runtime.tree.AbstractParseTreeVisitor::visitTerminal (5 bytes)
Event: 11.875 Thread 0x000001e3476c3e50 nmethod 10112 0x000001e33281ae10 code [0x000001e33281afa0, 0x000001e33281b0b8]
Event: 11.879 Thread 0x000001e3476c3e50 10113       2       org.antlr.v4.runtime.atn.PredictionMode::hasSLLConflictTerminatingPrediction (109 bytes)
Event: 11.880 Thread 0x000001e3476c3e50 nmethod 10113 0x000001e33281b190 code [0x000001e33281b3c0, 0x000001e33281b8f8]
Event: 11.886 Thread 0x000001e3476c3e50 10114 %     3       org.antlr.v4.runtime.atn.ParserATNSimulator::getUniqueAlt @ 7 (53 bytes)
Event: 11.886 Thread 0x000001e3476c3e50 nmethod 10114% 0x000001e33281bc10 code [0x000001e33281be20, 0x000001e33281c6b8]
Event: 11.886 Thread 0x000001e3476c3e50 10116       1       org.antlr.v4.runtime.atn.LexerSkipAction::isPositionDependent (2 bytes)
Event: 11.886 Thread 0x000001e3476c3e50 nmethod 10116 0x000001e33977ef90 code [0x000001e33977f120, 0x000001e33977f1f8]
Event: 11.907 Thread 0x000001e3476c3e50 10117   !   2       org.antlr.v4.runtime.atn.LexerActionExecutor::execute (166 bytes)
Event: 11.908 Thread 0x000001e3476c3e50 nmethod 10117 0x000001e33281c990 code [0x000001e33281cb80, 0x000001e33281d118]
Event: 11.949 Thread 0x000001e3476c3e50 10118       3       org.antlr.v4.runtime.atn.ParserATNSimulator::closure (44 bytes)
Event: 11.949 Thread 0x000001e3476c3e50 nmethod 10118 0x000001e33281d610 code [0x000001e33281d7c0, 0x000001e33281d9a8]
Event: 11.981 Thread 0x000001e3476c3e50 10119 %     3       java.util.ArrayList::equalsArrayList @ 66 (108 bytes)
Event: 11.982 Thread 0x000001e3476c3e50 nmethod 10119% 0x000001e33281da90 code [0x000001e33281dcc0, 0x000001e33281e5c8]

GC Heap History (20 events):
Event: 10.048 GC heap after
{Heap after GC invocations=27 (full 0):
 garbage-first heap   total 133120K, used 49920K [0x000000008ca00000, 0x0000000100000000)
  region size 1024K, 1 young (1024K), 1 survivors (1024K)
 Metaspace       used 72734K, committed 73344K, reserved 1114112K
  class space    used 9706K, committed 9984K, reserved 1048576K
}
Event: 10.870 GC heap before
{Heap before GC invocations=27 (full 0):
 garbage-first heap   total 133120K, used 103168K [0x000000008ca00000, 0x0000000100000000)
  region size 1024K, 53 young (54272K), 1 survivors (1024K)
 Metaspace       used 79845K, committed 80448K, reserved 1179648K
  class space    used 10931K, committed 11200K, reserved 1048576K
}
Event: 10.874 GC heap after
{Heap after GC invocations=28 (full 0):
 garbage-first heap   total 133120K, used 55402K [0x000000008ca00000, 0x0000000100000000)
  region size 1024K, 7 young (7168K), 7 survivors (7168K)
 Metaspace       used 79845K, committed 80448K, reserved 1179648K
  class space    used 10931K, committed 11200K, reserved 1048576K
}
Event: 11.205 GC heap before
{Heap before GC invocations=28 (full 0):
 garbage-first heap   total 133120K, used 102506K [0x000000008ca00000, 0x0000000100000000)
  region size 1024K, 53 young (54272K), 7 survivors (7168K)
 Metaspace       used 82223K, committed 82880K, reserved 1179648K
  class space    used 11274K, committed 11584K, reserved 1048576K
}
Event: 11.208 GC heap after
{Heap after GC invocations=29 (full 0):
 garbage-first heap   total 133120K, used 56266K [0x000000008ca00000, 0x0000000100000000)
  region size 1024K, 3 young (3072K), 3 survivors (3072K)
 Metaspace       used 82223K, committed 82880K, reserved 1179648K
  class space    used 11274K, committed 11584K, reserved 1048576K
}
Event: 11.454 GC heap before
{Heap before GC invocations=29 (full 0):
 garbage-first heap   total 133120K, used 105418K [0x000000008ca00000, 0x0000000100000000)
  region size 1024K, 51 young (52224K), 3 survivors (3072K)
 Metaspace       used 82232K, committed 82880K, reserved 1179648K
  class space    used 11274K, committed 11584K, reserved 1048576K
}
Event: 11.457 GC heap after
{Heap after GC invocations=30 (full 0):
 garbage-first heap   total 133120K, used 56637K [0x000000008ca00000, 0x0000000100000000)
  region size 1024K, 3 young (3072K), 3 survivors (3072K)
 Metaspace       used 82232K, committed 82880K, reserved 1179648K
  class space    used 11274K, committed 11584K, reserved 1048576K
}
Event: 11.581 GC heap before
{Heap before GC invocations=30 (full 0):
 garbage-first heap   total 133120K, used 106813K [0x000000008ca00000, 0x0000000100000000)
  region size 1024K, 52 young (53248K), 3 survivors (3072K)
 Metaspace       used 82241K, committed 82880K, reserved 1179648K
  class space    used 11274K, committed 11584K, reserved 1048576K
}
Event: 11.585 GC heap after
{Heap after GC invocations=31 (full 0):
 garbage-first heap   total 133120K, used 60002K [0x000000008ca00000, 0x0000000100000000)
  region size 1024K, 7 young (7168K), 7 survivors (7168K)
 Metaspace       used 82241K, committed 82880K, reserved 1179648K
  class space    used 11274K, committed 11584K, reserved 1048576K
}
Event: 11.799 GC heap before
{Heap before GC invocations=31 (full 0):
 garbage-first heap   total 133120K, used 106082K [0x000000008ca00000, 0x0000000100000000)
  region size 1024K, 52 young (53248K), 7 survivors (7168K)
 Metaspace       used 83071K, committed 83648K, reserved 1179648K
  class space    used 11367K, committed 11648K, reserved 1048576K
}
Event: 11.803 GC heap after
{Heap after GC invocations=32 (full 0):
 garbage-first heap   total 133120K, used 61607K [0x000000008ca00000, 0x0000000100000000)
  region size 1024K, 6 young (6144K), 6 survivors (6144K)
 Metaspace       used 83071K, committed 83648K, reserved 1179648K
  class space    used 11367K, committed 11648K, reserved 1048576K
}
Event: 11.850 GC heap before
{Heap before GC invocations=32 (full 0):
 garbage-first heap   total 133120K, used 106663K [0x000000008ca00000, 0x0000000100000000)
  region size 1024K, 49 young (50176K), 6 survivors (6144K)
 Metaspace       used 83071K, committed 83648K, reserved 1179648K
  class space    used 11367K, committed 11648K, reserved 1048576K
}
Event: 11.859 GC heap after
{Heap after GC invocations=33 (full 0):
 garbage-first heap   total 189440K, used 76597K [0x000000008ca00000, 0x0000000100000000)
  region size 1024K, 7 young (7168K), 7 survivors (7168K)
 Metaspace       used 83071K, committed 83648K, reserved 1179648K
  class space    used 11367K, committed 11648K, reserved 1048576K
}
Event: 11.937 GC heap before
{Heap before GC invocations=33 (full 0):
 garbage-first heap   total 189440K, used 138037K [0x000000008ca00000, 0x0000000100000000)
  region size 1024K, 67 young (68608K), 7 survivors (7168K)
 Metaspace       used 83074K, committed 83648K, reserved 1179648K
  class space    used 11367K, committed 11648K, reserved 1048576K
}
Event: 11.943 GC heap after
{Heap after GC invocations=34 (full 0):
 garbage-first heap   total 189440K, used 84627K [0x000000008ca00000, 0x0000000100000000)
  region size 1024K, 8 young (8192K), 8 survivors (8192K)
 Metaspace       used 83074K, committed 83648K, reserved 1179648K
  class space    used 11367K, committed 11648K, reserved 1048576K
}
Event: 12.013 GC heap before
{Heap before GC invocations=34 (full 0):
 garbage-first heap   total 189440K, used 144019K [0x000000008ca00000, 0x0000000100000000)
  region size 1024K, 65 young (66560K), 8 survivors (8192K)
 Metaspace       used 83074K, committed 83648K, reserved 1179648K
  class space    used 11367K, committed 11648K, reserved 1048576K
}
Event: 12.025 GC heap after
{Heap after GC invocations=35 (full 0):
 garbage-first heap   total 189440K, used 104448K [0x000000008ca00000, 0x0000000100000000)
  region size 1024K, 9 young (9216K), 9 survivors (9216K)
 Metaspace       used 83074K, committed 83648K, reserved 1179648K
  class space    used 11367K, committed 11648K, reserved 1048576K
}
Event: 12.051 GC heap before
{Heap before GC invocations=35 (full 0):
 garbage-first heap   total 189440K, used 126976K [0x000000008ca00000, 0x0000000100000000)
  region size 1024K, 32 young (32768K), 9 survivors (9216K)
 Metaspace       used 83074K, committed 83648K, reserved 1179648K
  class space    used 11367K, committed 11648K, reserved 1048576K
}
Event: 12.060 GC heap after
{Heap after GC invocations=36 (full 0):
 garbage-first heap   total 189440K, used 115255K [0x000000008ca00000, 0x0000000100000000)
  region size 1024K, 6 young (6144K), 6 survivors (6144K)
 Metaspace       used 83074K, committed 83648K, reserved 1179648K
  class space    used 11367K, committed 11648K, reserved 1048576K
}
Event: 12.133 GC heap before
{Heap before GC invocations=37 (full 0):
 garbage-first heap   total 215040K, used 134711K [0x000000008ca00000, 0x0000000100000000)
  region size 1024K, 34 young (34816K), 6 survivors (6144K)
 Metaspace       used 83068K, committed 83648K, reserved 1179648K
  class space    used 11366K, committed 11648K, reserved 1048576K
}

Dll operation events (13 events):
Event: 0.014 Loaded shared library C:\Users\User\.jdks\ms-17.0.16\bin\java.dll
Event: 0.028 Loaded shared library C:\Users\User\.jdks\ms-17.0.16\bin\jsvml.dll
Event: 0.462 Loaded shared library C:\Users\User\.jdks\ms-17.0.16\bin\zip.dll
Event: 0.465 Loaded shared library C:\Users\User\.jdks\ms-17.0.16\bin\instrument.dll
Event: 0.469 Loaded shared library C:\Users\User\.jdks\ms-17.0.16\bin\net.dll
Event: 0.471 Loaded shared library C:\Users\User\.jdks\ms-17.0.16\bin\nio.dll
Event: 0.474 Loaded shared library C:\Users\User\.jdks\ms-17.0.16\bin\zip.dll
Event: 0.855 Loaded shared library C:\Users\User\.jdks\ms-17.0.16\bin\extnet.dll
Event: 0.887 Loaded shared library C:\Users\User\.jdks\ms-17.0.16\bin\jimage.dll
Event: 1.147 Loaded shared library C:\Users\User\.jdks\ms-17.0.16\bin\management.dll
Event: 1.150 Loaded shared library C:\Users\User\.jdks\ms-17.0.16\bin\management_ext.dll
Event: 2.550 Loaded shared library C:\Users\User\.jdks\ms-17.0.16\bin\sunmscapi.dll
Event: 5.634 Loaded shared library C:\Users\User\.jdks\ms-17.0.16\bin\verify.dll

Deoptimization events (20 events):
Event: 11.649 Thread 0x000001e38e13f6c0 Uncommon trap: trap_request=0xfffffff4 fr.pc=0x000001e3395438a0 relative=0x0000000000000080
Event: 11.649 Thread 0x000001e38e13f6c0 Uncommon trap: reason=null_check action=make_not_entrant pc=0x000001e3395438a0 method=org.springframework.util.ClassUtils.isAssignable(Ljava/lang/Class;Ljava/lang/Class;)Z @ 14 c2
Event: 11.649 Thread 0x000001e38e13f6c0 DEOPT PACKING pc=0x000001e3395438a0 sp=0x0000002b321fc4a0
Event: 11.649 Thread 0x000001e38e13f6c0 DEOPT UNPACKING pc=0x000001e338e569a3 sp=0x0000002b321fc440 mode 2
Event: 11.727 Thread 0x000001e38e13f6c0 Uncommon trap: trap_request=0xffffff45 fr.pc=0x000001e33951adac relative=0x000000000000044c
Event: 11.727 Thread 0x000001e38e13f6c0 Uncommon trap: reason=unstable_if action=reinterpret pc=0x000001e33951adac method=jdk.internal.org.objectweb.asm.Frame.merge(Ljdk/internal/org/objectweb/asm/SymbolTable;I[II)Z @ 305 c2
Event: 11.727 Thread 0x000001e38e13f6c0 DEOPT PACKING pc=0x000001e33951adac sp=0x0000002b321fbf80
Event: 11.727 Thread 0x000001e38e13f6c0 DEOPT UNPACKING pc=0x000001e338e569a3 sp=0x0000002b321fbf00 mode 2
Event: 11.748 Thread 0x000001e38e13f6c0 Uncommon trap: trap_request=0xffffff45 fr.pc=0x000001e33976bcf4 relative=0x0000000000000054
Event: 11.748 Thread 0x000001e38e13f6c0 Uncommon trap: reason=unstable_if action=reinterpret pc=0x000001e33976bcf4 method=java.util.LinkedList.node(I)Ljava/util/LinkedList$Node; @ 19 c2
Event: 11.748 Thread 0x000001e38e13f6c0 DEOPT PACKING pc=0x000001e33976bcf4 sp=0x0000002b321fc2e0
Event: 11.748 Thread 0x000001e38e13f6c0 DEOPT UNPACKING pc=0x000001e338e569a3 sp=0x0000002b321fc268 mode 2
Event: 11.759 Thread 0x000001e38e13f6c0 Uncommon trap: trap_request=0xffffff45 fr.pc=0x000001e3393f019c relative=0x00000000000000fc
Event: 11.759 Thread 0x000001e38e13f6c0 Uncommon trap: reason=unstable_if action=reinterpret pc=0x000001e3393f019c method=org.springframework.aop.framework.autoproxy.AbstractAutoProxyCreator.predictBeanType(Ljava/lang/Class;Ljava/lang/String;)Ljava/lang/Class; @ 9 c2
Event: 11.759 Thread 0x000001e38e13f6c0 DEOPT PACKING pc=0x000001e3393f019c sp=0x0000002b321fd030
Event: 11.759 Thread 0x000001e38e13f6c0 DEOPT UNPACKING pc=0x000001e338e569a3 sp=0x0000002b321fcfd0 mode 2
Event: 11.797 Thread 0x000001e38e13f6c0 DEOPT PACKING pc=0x000001e332751c03 sp=0x0000002b321fab60
Event: 11.797 Thread 0x000001e38e13f6c0 DEOPT UNPACKING pc=0x000001e338e57143 sp=0x0000002b321fa048 mode 0
Event: 11.841 Thread 0x000001e38e13f6c0 DEOPT PACKING pc=0x000001e33278485d sp=0x0000002b321facb0
Event: 11.842 Thread 0x000001e38e13f6c0 DEOPT UNPACKING pc=0x000001e338e57143 sp=0x0000002b321fa148 mode 0

Classes loaded (20 events):
Event: 10.526 Loading class java/util/EmptyStackException
Event: 10.526 Loading class java/util/EmptyStackException done
Event: 10.649 Loading class java/io/InvalidClassException
Event: 10.649 Loading class java/io/InvalidClassException done
Event: 10.659 Loading class java/util/ArrayList$ListItr
Event: 10.659 Loading class java/util/ArrayList$ListItr done
Event: 11.045 Loading class java/lang/Character$UnicodeBlock
Event: 11.046 Loading class java/lang/Character$Subset
Event: 11.046 Loading class java/lang/Character$Subset done
Event: 11.046 Loading class java/lang/Character$UnicodeBlock done
Event: 11.744 Loading class java/lang/invoke/MethodHandleImpl$CountingWrapper$1
Event: 11.744 Loading class java/lang/invoke/MethodHandleImpl$CountingWrapper$1 done
Event: 11.754 Loading class sun/reflect/ReflectionFactory
Event: 11.755 Loading class sun/reflect/ReflectionFactory done
Event: 11.755 Loading class sun/reflect/ReflectionFactory$1
Event: 11.755 Loading class sun/reflect/ReflectionFactory$1 done
Event: 11.755 Loading class java/io/OptionalDataException
Event: 11.756 Loading class java/io/OptionalDataException done
Event: 11.756 Loading class jdk/internal/reflect/SerializationConstructorAccessorImpl
Event: 11.756 Loading class jdk/internal/reflect/SerializationConstructorAccessorImpl done

Classes unloaded (2 events):
Event: 12.101 Thread 0x000001e34769d190 Unloading class 0x000001e349b58c00 'jdk/internal/reflect/GeneratedSerializationConstructorAccessor2'
Event: 12.101 Thread 0x000001e34769d190 Unloading class 0x000001e349b58800 'jdk/internal/reflect/GeneratedSerializationConstructorAccessor1'

Classes redefined (0 events):
No events

Internal exceptions (20 events):
Event: 10.960 Thread 0x000001e38e13f6c0 Exception <a 'java/lang/NoSuchMethodError'{0x00000000939855d0}: 'int java.lang.invoke.DirectMethodHandle$Holder.invokeStatic(java.lang.Object)'> (0x00000000939855d0) 
thrown [s\src\hotspot\share\interpreter\linkResolver.cpp, line 759]
Event: 11.039 Thread 0x000001e38e13f6c0 Exception <a 'java/lang/reflect/InvocationTargetException'{0x00000000936e3de0}> (0x00000000936e3de0) 
thrown [s\src\hotspot\share\runtime\reflection.cpp, line 1128]
Event: 11.048 Thread 0x000001e38e13f6c0 Exception <a 'java/lang/NoSuchMethodError'{0x000000009353a700}: 'int java.lang.invoke.DirectMethodHandle$Holder.invokeStatic(java.lang.Object, java.lang.Object, int)'> (0x000000009353a700) 
thrown [s\src\hotspot\share\interpreter\linkResolver.cpp, line 759]
Event: 11.053 Thread 0x000001e38e13f6c0 Exception <a 'java/lang/IncompatibleClassChangeError'{0x0000000093577548}: Found class java.lang.Object, but interface was expected> (0x0000000093577548) 
thrown [s\src\hotspot\share\interpreter\linkResolver.cpp, line 826]
Event: 11.065 Thread 0x000001e38e13f6c0 Exception <a 'java/lang/NoSuchMethodError'{0x0000000093416e18}: 'java.lang.Object java.lang.invoke.DirectMethodHandle$Holder.invokeStatic(java.lang.Object, int, java.lang.Object)'> (0x0000000093416e18) 
thrown [s\src\hotspot\share\interpreter\linkResolver.cpp, line 759]
Event: 11.069 Thread 0x000001e38e13f6c0 Exception <a 'java/lang/reflect/InvocationTargetException'{0x0000000093441340}> (0x0000000093441340) 
thrown [s\src\hotspot\share\runtime\reflection.cpp, line 1128]
Event: 11.098 Thread 0x000001e38e13f6c0 Exception <a 'java/lang/reflect/InvocationTargetException'{0x00000000930a0820}> (0x00000000930a0820) 
thrown [s\src\hotspot\share\runtime\reflection.cpp, line 1128]
Event: 11.155 Thread 0x000001e38e13f6c0 Exception <a 'java/lang/reflect/InvocationTargetException'{0x00000000925e9910}> (0x00000000925e9910) 
thrown [s\src\hotspot\share\runtime\reflection.cpp, line 1128]
Event: 11.159 Thread 0x000001e38e13f6c0 Exception <a 'java/lang/reflect/InvocationTargetException'{0x000000009240d0f0}> (0x000000009240d0f0) 
thrown [s\src\hotspot\share\runtime\reflection.cpp, line 1128]
Event: 11.188 Thread 0x000001e38e13f6c0 Exception <a 'java/lang/reflect/InvocationTargetException'{0x0000000092094518}> (0x0000000092094518) 
thrown [s\src\hotspot\share\runtime\reflection.cpp, line 1128]
Event: 11.190 Thread 0x000001e38e13f6c0 Exception <a 'java/lang/reflect/InvocationTargetException'{0x000000009209fad0}> (0x000000009209fad0) 
thrown [s\src\hotspot\share\runtime\reflection.cpp, line 1128]
Event: 11.599 Thread 0x000001e38e13f6c0 Exception <a 'java/lang/reflect/InvocationTargetException'{0x00000000948f5b20}> (0x00000000948f5b20) 
thrown [s\src\hotspot\share\runtime\reflection.cpp, line 1128]
Event: 11.620 Thread 0x000001e38e13f6c0 Exception <a 'java/lang/reflect/InvocationTargetException'{0x0000000093bd5fa0}> (0x0000000093bd5fa0) 
thrown [s\src\hotspot\share\runtime\reflection.cpp, line 1128]
Event: 11.630 Thread 0x000001e38e13f6c0 Exception <a 'java/lang/reflect/InvocationTargetException'{0x0000000093694de8}> (0x0000000093694de8) 
thrown [s\src\hotspot\share\runtime\reflection.cpp, line 1128]
Event: 11.632 Thread 0x000001e38e13f6c0 Exception <a 'java/lang/reflect/InvocationTargetException'{0x00000000936a1a38}> (0x00000000936a1a38) 
thrown [s\src\hotspot\share\runtime\reflection.cpp, line 1128]
Event: 11.634 Thread 0x000001e38e13f6c0 Exception <a 'java/lang/reflect/InvocationTargetException'{0x00000000936b3f58}> (0x00000000936b3f58) 
thrown [s\src\hotspot\share\runtime\reflection.cpp, line 1128]
Event: 11.647 Thread 0x000001e38e13f6c0 Exception <a 'java/lang/reflect/InvocationTargetException'{0x000000009342d390}> (0x000000009342d390) 
thrown [s\src\hotspot\share\runtime\reflection.cpp, line 1128]
Event: 11.648 Thread 0x000001e38e13f6c0 Exception <a 'java/lang/reflect/InvocationTargetException'{0x0000000093436300}> (0x0000000093436300) 
thrown [s\src\hotspot\share\runtime\reflection.cpp, line 1128]
Event: 11.649 Thread 0x000001e38e13f6c0 Exception <a 'java/lang/reflect/InvocationTargetException'{0x0000000093441188}> (0x0000000093441188) 
thrown [s\src\hotspot\share\runtime\reflection.cpp, line 1128]
Event: 11.740 Thread 0x000001e38e13f6c0 Exception <a 'java/lang/NoSuchMethodError'{0x0000000092c72a10}: 'int java.lang.invoke.DirectMethodHandle$Holder.invokeStaticInit(java.lang.Object, int, java.lang.Object, java.lang.Object, java.lang.Object, java.lang.Object)'> (0x0000000092c72a10) 
thrown [s\src\hotspot\share\interpreter\linkResolver.cpp, line 759]

VM Operations (20 events):
Event: 11.457 Executing VM operation: G1CollectForAllocation done
Event: 11.581 Executing VM operation: G1CollectForAllocation
Event: 11.585 Executing VM operation: G1CollectForAllocation done
Event: 11.790 Executing VM operation: ICBufferFull
Event: 11.790 Executing VM operation: ICBufferFull done
Event: 11.799 Executing VM operation: G1CollectForAllocation
Event: 11.803 Executing VM operation: G1CollectForAllocation done
Event: 11.850 Executing VM operation: G1CollectForAllocation
Event: 11.859 Executing VM operation: G1CollectForAllocation done
Event: 11.937 Executing VM operation: G1CollectForAllocation
Event: 11.943 Executing VM operation: G1CollectForAllocation done
Event: 12.013 Executing VM operation: G1CollectForAllocation
Event: 12.025 Executing VM operation: G1CollectForAllocation done
Event: 12.051 Executing VM operation: G1TryInitiateConcMark
Event: 12.060 Executing VM operation: G1TryInitiateConcMark done
Event: 12.101 Executing VM operation: G1PauseRemark
Event: 12.113 Executing VM operation: G1PauseRemark done
Event: 12.131 Executing VM operation: G1PauseCleanup
Event: 12.132 Executing VM operation: G1PauseCleanup done
Event: 12.133 Executing VM operation: G1CollectForAllocation

Memory protections (0 events):
No events

Nmethod flushes (20 events):
Event: 6.452 Thread 0x000001e3476d1980 flushing  nmethod 0x000001e3322f6410
Event: 6.452 Thread 0x000001e3476d1980 flushing  nmethod 0x000001e3322fae90
Event: 6.452 Thread 0x000001e3476d1980 flushing  nmethod 0x000001e332300010
Event: 6.452 Thread 0x000001e3476d1980 flushing  nmethod 0x000001e332300590
Event: 6.452 Thread 0x000001e3476d1980 flushing  nmethod 0x000001e332300e90
Event: 6.452 Thread 0x000001e3476d1980 flushing  nmethod 0x000001e332303390
Event: 6.452 Thread 0x000001e3476d1980 flushing  nmethod 0x000001e332303790
Event: 6.452 Thread 0x000001e3476d1980 flushing  nmethod 0x000001e332303b90
Event: 6.452 Thread 0x000001e3476d1980 flushing  nmethod 0x000001e332304910
Event: 6.452 Thread 0x000001e3476d1980 flushing  nmethod 0x000001e332304f10
Event: 6.452 Thread 0x000001e3476d1980 flushing  nmethod 0x000001e332305290
Event: 6.452 Thread 0x000001e3476d1980 flushing  nmethod 0x000001e332305d90
Event: 6.452 Thread 0x000001e3476d1980 flushing  nmethod 0x000001e33230de90
Event: 6.452 Thread 0x000001e3476d1980 flushing  nmethod 0x000001e33230e910
Event: 6.452 Thread 0x000001e3476d1980 flushing  nmethod 0x000001e33230ec90
Event: 6.452 Thread 0x000001e3476d1980 flushing  nmethod 0x000001e332325010
Event: 9.734 Thread 0x000001e3476d1980 flushing  nmethod 0x000001e331c54790
Event: 9.740 Thread 0x000001e3476d1980 flushing  nmethod 0x000001e3321a2a10
Event: 9.740 Thread 0x000001e3476d1980 flushing  nmethod 0x000001e3321a3190
Event: 9.741 Thread 0x000001e3476d1980 flushing  nmethod 0x000001e3322ab810

Events (20 events):
Event: 0.037 Thread 0x000001e329d9a250 Thread added: 0x000001e3476c1ac0
Event: 0.037 Thread 0x000001e329d9a250 Thread added: 0x000001e3476c3e50
Event: 0.037 Thread 0x000001e329d9a250 Thread added: 0x000001e3476d1980
Event: 0.447 Thread 0x000001e329d9a250 Thread added: 0x000001e34768edd0
Event: 0.841 Thread 0x000001e329d9a250 Thread added: 0x000001e38dadeaf0
Event: 0.842 Thread 0x000001e329d9a250 Thread added: 0x000001e38d22f130
Event: 1.244 Thread 0x000001e329d9a250 Thread added: 0x000001e38d991560
Event: 1.248 Thread 0x000001e38d991560 Thread added: 0x000001e38e13f6c0
Event: 1.718 Thread 0x000001e38e13f6c0 Thread added: 0x000001e38e269390
Event: 2.573 Thread 0x000001e38e269390 Thread exited: 0x000001e38e269390
Event: 2.847 Thread 0x000001e38e13f6c0 Thread added: 0x000001e38ec2b7f0
Event: 2.955 Thread 0x000001e38ec2b7f0 Thread exited: 0x000001e38ec2b7f0
Event: 5.725 Thread 0x000001e38e13f6c0 Thread added: 0x000001e39011bf80
Event: 5.727 Thread 0x000001e39011bf80 Thread added: 0x000001e39011d3c0
Event: 5.732 Thread 0x000001e38e13f6c0 Thread added: 0x000001e39011d8d0
Event: 5.763 Thread 0x000001e38e13f6c0 Thread added: 0x000001e39011e2f0
Event: 8.180 Thread 0x000001e38e13f6c0 Thread added: 0x000001e39011c490
Event: 8.292 Thread 0x000001e39011c490 Thread added: 0x000001e39011c9a0
Event: 9.399 Thread 0x000001e38e13f6c0 Thread added: 0x000001e39011ceb0
Event: 9.509 Thread 0x000001e39011ceb0 Thread added: 0x000001e39011dde0


Dynamic libraries:
0x00007ff6ac550000 - 0x00007ff6ac55e000 	C:\Users\User\.jdks\ms-17.0.16\bin\java.exe
0x00007ffb6c780000 - 0x00007ffb6c9e8000 	C:\Windows\SYSTEM32\ntdll.dll
0x00007ffb6b230000 - 0x00007ffb6b2f9000 	C:\Windows\System32\KERNEL32.DLL
0x00007ffb69fb0000 - 0x00007ffb6a3a8000 	C:\Windows\System32\KERNELBASE.dll
0x00007ffb69cf0000 - 0x00007ffb69e3b000 	C:\Windows\System32\ucrtbase.dll
0x00007ffb62940000 - 0x00007ffb62958000 	C:\Users\User\.jdks\ms-17.0.16\bin\jli.dll
0x00007ffb64920000 - 0x00007ffb6493e000 	C:\Users\User\.jdks\ms-17.0.16\bin\VCRUNTIME140.dll
0x00007ffb6b480000 - 0x00007ffb6b647000 	C:\Windows\System32\USER32.dll
0x00007ffb50c60000 - 0x00007ffb50ef4000 	C:\Windows\WinSxS\amd64_microsoft.windows.common-controls_6595b64144ccf1df_6.0.26100.7019_none_3e06ffa0e335b8a8\COMCTL32.dll
0x00007ffb69980000 - 0x00007ffb699a7000 	C:\Windows\System32\win32u.dll
0x00007ffb6b450000 - 0x00007ffb6b47b000 	C:\Windows\System32\GDI32.dll
0x00007ffb6a5e0000 - 0x00007ffb6a689000 	C:\Windows\System32\msvcrt.dll
0x00007ffb69bc0000 - 0x00007ffb69cec000 	C:\Windows\System32\gdi32full.dll
0x00007ffb698d0000 - 0x00007ffb69973000 	C:\Windows\System32\msvcp_win.dll
0x00007ffb6a580000 - 0x00007ffb6a5b1000 	C:\Windows\System32\IMM32.DLL
0x00007ffb669c0000 - 0x00007ffb669cc000 	C:\Users\User\.jdks\ms-17.0.16\bin\vcruntime140_1.dll
0x00007ffb5a230000 - 0x00007ffb5a2b9000 	C:\Users\User\.jdks\ms-17.0.16\bin\msvcp140.dll
0x00007ffaf0c10000 - 0x00007ffaf188a000 	C:\Users\User\.jdks\ms-17.0.16\bin\server\jvm.dll
0x00007ffb6c440000 - 0x00007ffb6c4f4000 	C:\Windows\System32\ADVAPI32.dll
0x00007ffb6acf0000 - 0x00007ffb6ad96000 	C:\Windows\System32\sechost.dll
0x00007ffb6abb0000 - 0x00007ffb6acc8000 	C:\Windows\System32\RPCRT4.dll
0x00007ffb6a7a0000 - 0x00007ffb6a814000 	C:\Windows\System32\WS2_32.dll
0x00007ffb69730000 - 0x00007ffb6978e000 	C:\Windows\SYSTEM32\POWRPROF.dll
0x00007ffb5d9b0000 - 0x00007ffb5d9bb000 	C:\Windows\SYSTEM32\VERSION.dll
0x00007ffb5d970000 - 0x00007ffb5d9a5000 	C:\Windows\SYSTEM32\WINMM.dll
0x00007ffb69710000 - 0x00007ffb69724000 	C:\Windows\SYSTEM32\UMPDC.dll
0x00007ffb68690000 - 0x00007ffb686ab000 	C:\Windows\SYSTEM32\kernel.appcore.dll
0x00007ffb668f0000 - 0x00007ffb668fa000 	C:\Users\User\.jdks\ms-17.0.16\bin\jimage.dll
0x00007ffb5acf0000 - 0x00007ffb5af32000 	C:\Windows\SYSTEM32\DBGHELP.DLL
0x00007ffb6a820000 - 0x00007ffb6abab000 	C:\Windows\System32\combase.dll
0x00007ffb6b370000 - 0x00007ffb6b447000 	C:\Windows\System32\OLEAUT32.dll
0x00007ffb4b970000 - 0x00007ffb4b9ac000 	C:\Windows\SYSTEM32\dbgcore.DLL
0x00007ffb6a470000 - 0x00007ffb6a515000 	C:\Windows\System32\bcryptPrimitives.dll
0x00007ffb62930000 - 0x00007ffb6293f000 	C:\Users\User\.jdks\ms-17.0.16\bin\instrument.dll
0x00007ffb62160000 - 0x00007ffb62186000 	C:\Users\User\.jdks\ms-17.0.16\bin\java.dll
0x00007ffb553e0000 - 0x00007ffb554b6000 	C:\Users\User\.jdks\ms-17.0.16\bin\jsvml.dll
0x00007ffb6b870000 - 0x00007ffb6bfbf000 	C:\Windows\System32\SHELL32.dll
0x00007ffb69e40000 - 0x00007ffb69fab000 	C:\Windows\System32\wintypes.dll
0x00007ffb674d0000 - 0x00007ffb67d2d000 	C:\Windows\SYSTEM32\windows.storage.dll
0x00007ffb6a690000 - 0x00007ffb6a782000 	C:\Windows\System32\SHCORE.dll
0x00007ffb6b300000 - 0x00007ffb6b367000 	C:\Windows\System32\shlwapi.dll
0x00007ffb697f0000 - 0x00007ffb69819000 	C:\Windows\SYSTEM32\profapi.dll
0x00007ffb5d740000 - 0x00007ffb5d758000 	C:\Users\User\.jdks\ms-17.0.16\bin\zip.dll
0x00007ffb622d0000 - 0x00007ffb622eb000 	C:\Users\User\.jdks\ms-17.0.16\bin\net.dll
0x00007ffb633d0000 - 0x00007ffb634f8000 	C:\Windows\SYSTEM32\WINHTTP.dll
0x00007ffb68c00000 - 0x00007ffb68c6b000 	C:\Windows\system32\mswsock.dll
0x00007ffb62120000 - 0x00007ffb62136000 	C:\Users\User\.jdks\ms-17.0.16\bin\nio.dll
0x00007ffb62370000 - 0x00007ffb62379000 	C:\Users\User\.jdks\ms-17.0.16\bin\extnet.dll
0x00007ffb62110000 - 0x00007ffb6211a000 	C:\Users\User\.jdks\ms-17.0.16\bin\management.dll
0x00007ffb5d0f0000 - 0x00007ffb5d0fc000 	C:\Users\User\.jdks\ms-17.0.16\bin\management_ext.dll
0x00007ffb6a5d0000 - 0x00007ffb6a5d8000 	C:\Windows\System32\PSAPI.DLL
0x00007ffb623b0000 - 0x00007ffb623be000 	C:\Users\User\.jdks\ms-17.0.16\bin\sunmscapi.dll
0x00007ffb699b0000 - 0x00007ffb69b27000 	C:\Windows\System32\CRYPT32.dll
0x00007ffb690e0000 - 0x00007ffb69110000 	C:\Windows\SYSTEM32\ncrypt.dll
0x00007ffb69090000 - 0x00007ffb690cf000 	C:\Windows\SYSTEM32\NTASN1.dll
0x00007ffb68ed0000 - 0x00007ffb68eeb000 	C:\Windows\SYSTEM32\CRYPTSP.dll
0x00007ffb685f0000 - 0x00007ffb6862a000 	C:\Windows\system32\rsaenh.dll
0x00007ffb68cb0000 - 0x00007ffb68cdb000 	C:\Windows\SYSTEM32\USERENV.dll
0x00007ffb697c0000 - 0x00007ffb697ea000 	C:\Windows\SYSTEM32\bcrypt.dll
0x00007ffb68ec0000 - 0x00007ffb68ecc000 	C:\Windows\SYSTEM32\CRYPTBASE.dll
0x00007ffb681d0000 - 0x00007ffb68204000 	C:\Windows\SYSTEM32\IPHLPAPI.DLL
0x00007ffb6a5c0000 - 0x00007ffb6a5ca000 	C:\Windows\System32\NSI.dll
0x00007ffb638d0000 - 0x00007ffb638ee000 	C:\Windows\SYSTEM32\dhcpcsvc6.DLL
0x00007ffb637b0000 - 0x00007ffb637d3000 	C:\Windows\SYSTEM32\dhcpcsvc.DLL
0x00007ffb68210000 - 0x00007ffb6833c000 	C:\Windows\SYSTEM32\DNSAPI.dll
0x00007ffb579b0000 - 0x00007ffb579c0000 	C:\Users\User\.jdks\ms-17.0.16\bin\verify.dll
0x00007ffb632f0000 - 0x00007ffb632fb000 	C:\Windows\System32\rasadhlp.dll
0x00007ffb63a20000 - 0x00007ffb63aa6000 	C:\Windows\System32\fwpuclnt.dll

dbghelp: loaded successfully - version: 4.0.5 - missing functions: none
symbol engine: initialized successfully - sym options: 0x614 - pdb path: .;C:\Users\User\.jdks\ms-17.0.16\bin;C:\Windows\SYSTEM32;C:\Windows\WinSxS\amd64_microsoft.windows.common-controls_6595b64144ccf1df_6.0.26100.7019_none_3e06ffa0e335b8a8;C:\Users\User\.jdks\ms-17.0.16\bin\server

VM Arguments:
jvm_args: -javaagent:C:\Program Files\JetBrains\IntelliJ IDEA Community Edition 2025.2.3\lib\idea_rt.jar=59995 -Dfile.encoding=UTF-8 
java_command: com.sein_gar_har.SeinGarHarApplication
java_class_path (initial): D:\sein-gar-har-backend\target\classes;C:\Users\User\.m2\repository\jakarta\validation\jakarta.validation-api\3.0.2\jakarta.validation-api-3.0.2.jar;C:\Users\User\.m2\repository\org\hibernate\validator\hibernate-validator\8.0.3.Final\hibernate-validator-8.0.3.Final.jar;C:\Users\User\.m2\repository\org\jboss\logging\jboss-logging\3.6.1.Final\jboss-logging-3.6.1.Final.jar;C:\Users\User\.m2\repository\com\fasterxml\classmate\1.7.1\classmate-1.7.1.jar;C:\Users\User\.m2\repository\org\springframework\boot\spring-boot-starter\3.5.7\spring-boot-starter-3.5.7.jar;C:\Users\User\.m2\repository\org\springframework\boot\spring-boot\3.5.7\spring-boot-3.5.7.jar;C:\Users\User\.m2\repository\org\springframework\spring-context\6.2.12\spring-context-6.2.12.jar;C:\Users\User\.m2\repository\org\springframework\boot\spring-boot-autoconfigure\3.5.7\spring-boot-autoconfigure-3.5.7.jar;C:\Users\User\.m2\repository\org\springframework\boot\spring-boot-starter-logging\3.5.7\spring-boot-starter-logging-3.5.7.jar;C:\Users\User\.m2\repository\ch\qos\logback\logback-classic\1.5.20\logback-classic-1.5.20.jar;C:\Users\User\.m2\repository\ch\qos\logback\logback-core\1.5.20\logback-core-1.5.20.jar;C:\Users\User\.m2\repository\org\apache\logging\log4j\log4j-to-slf4j\2.24.3\log4j-to-slf4j-2.24.3.jar;C:\Users\User\.m2\repository\org\slf4j\jul-to-slf4j\2.0.17\jul-to-slf4j-2.0.17.jar;C:\Users\User\.m2\repository\jakarta\annotation\jakarta.annotation-api\2.1.1\jakarta.annotation-api-2.1.1.jar;C:\Users\User\.m2\repository\org\springframework\spring-core\6.2.12\spring-core-6.2.12.jar;C:\Users\User\.m2\repository\org\springframework\spring-jcl\6.2.12\spring-jcl-6.2.12.jar;C:\Users\User\.m2\repository\org\yaml\snakeyaml\2.4\snakeyaml-2.4.jar;C:\Users\User\.m2\repository\org\springframework\boot\spring-boot-starter-data-jpa\3.5.7\spring-boot-starter-data-jpa-3.5.7.jar;C:\Users\User\.m2\repository\org\springframework\boot\spring-boot-starter-jdbc\3.5.7\spring-boot-starter-jdbc-3.5.7
Launcher Type: SUN_STANDARD

[Global flags]
     intx CICompilerCount                          = 4                                         {product} {ergonomic}
     uint ConcGCThreads                            = 3                                         {product} {ergonomic}
     uint G1ConcRefinementThreads                  = 10                                        {product} {ergonomic}
   size_t G1HeapRegionSize                         = 1048576                                   {product} {ergonomic}
    uintx GCDrainStackTargetSize                   = 64                                        {product} {ergonomic}
   size_t InitialHeapSize                          = 121634816                                 {product} {ergonomic}
   size_t MarkStackSize                            = 4194304                                   {product} {ergonomic}
   size_t MaxHeapSize                              = 1935671296                                {product} {ergonomic}
   size_t MaxNewSize                               = 1160773632                                {product} {ergonomic}
   size_t MinHeapDeltaBytes                        = 1048576                                   {product} {ergonomic}
   size_t MinHeapSize                              = 8388608                                   {product} {ergonomic}
    uintx NonNMethodCodeHeapSize                   = 5839372                                {pd product} {ergonomic}
    uintx NonProfiledCodeHeapSize                  = 122909434                              {pd product} {ergonomic}
    uintx ProfiledCodeHeapSize                     = 122909434                              {pd product} {ergonomic}
    uintx ReservedCodeCacheSize                    = 251658240                              {pd product} {ergonomic}
     bool SegmentedCodeCache                       = true                                      {product} {ergonomic}
   size_t SoftMaxHeapSize                          = 1935671296                             {manageable} {ergonomic}
     bool UseCompressedClassPointers               = true                           {product lp64_product} {ergonomic}
     bool UseCompressedOops                        = true                           {product lp64_product} {ergonomic}
     bool UseG1GC                                  = true                                      {product} {ergonomic}
     bool UseLargePagesIndividualAllocation        = false                                  {pd product} {ergonomic}

Logging:
Log output configuration:
 #0: stdout all=warning uptime,level,tags
 #1: stderr all=off uptime,level,tags

Environment Variables:
PATH=C:\Program Files (x86)\VMware\VMware Workstation\bin\;C:\Windows\system32;C:\Windows;C:\Windows\System32\Wbem;C:\Windows\System32\WindowsPowerShell\v1.0\;C:\Windows\System32\OpenSSH\;C:\Program Files\NVIDIA Corporation\NVIDIA App\NvDLISR;C:\Program Files (x86)\NVIDIA Corporation\PhysX\Common;C:\Program Files\dotnet\;C:\Program Files\Git\cmd;C:\Program Files\nodejs\;C:\Program Files\MySQL\MySQL Shell 8.0\bin\;C:\Users\User\AppData\Local\Microsoft\WindowsApps;C:\Program Files\JetBrains\PyCharm 2024.1\bin;;C:\Users\User\AppData\Local\Programs\Microsoft VS Code\bin;C:\Users\User\AppData\Roaming\npm;C:\Users\User\AppData\Local\GitHubDesktop\bin
USERNAME=User
OS=Windows_NT
PROCESSOR_IDENTIFIER=AMD64 Family 25 Model 68 Stepping 1, AuthenticAMD
TMP=C:\Users\User\AppData\Local\Temp
TEMP=C:\Users\User\AppData\Local\Temp



Periodic native trim disabled


---------------  S Y S T E M  ---------------

OS:
 Windows 11 , 64 bit Build 26100 (10.0.26100.7019)
OS uptime: 5 days 13:02 hours
Hyper-V role detected

CPU: total 12 (initial active 12) (12 cores per cpu, 2 threads per core) family 25 model 68 stepping 1 microcode 0xa404102, cx8, cmov, fxsr, ht, mmx, 3dnowpref, sse, sse2, sse3, ssse3, sse4a, sse4.1, sse4.2, popcnt, lzcnt, tsc, tscinvbit, avx, avx2, aes, erms, clmul, bmi1, bmi2, adx, sha, fma, vzeroupper, clflush, clflushopt, hv
Processor Information for processor 0
  Max Mhz: 3301, Current Mhz: 2635, Mhz Limit: 3301
Processor Information for processor 1
  Max Mhz: 3301, Current Mhz: 3301, Mhz Limit: 3301
Processor Information for processor 2
  Max Mhz: 3301, Current Mhz: 2635, Mhz Limit: 3301
Processor Information for processor 3
  Max Mhz: 3301, Current Mhz: 2635, Mhz Limit: 3301
Processor Information for processor 4
  Max Mhz: 3301, Current Mhz: 2635, Mhz Limit: 3301
Processor Information for processor 5
  Max Mhz: 3301, Current Mhz: 2635, Mhz Limit: 3301
Processor Information for processor 6
  Max Mhz: 3301, Current Mhz: 2635, Mhz Limit: 3301
Processor Information for processor 7
  Max Mhz: 3301, Current Mhz: 3301, Mhz Limit: 3301
Processor Information for processor 8
  Max Mhz: 3301, Current Mhz: 2635, Mhz Limit: 3301
Processor Information for processor 9
  Max Mhz: 3301, Current Mhz: 2635, Mhz Limit: 3301
Processor Information for processor 10
  Max Mhz: 3301, Current Mhz: 2635, Mhz Limit: 3301
Processor Information for processor 11
  Max Mhz: 3301, Current Mhz: 2635, Mhz Limit: 3301

Memory: 4k page, system-wide physical 7379M (158M free)
TotalPageFile size 29907M (AvailPageFile size 182M)
current process WorkingSet (physical memory assigned to process): 395M, peak: 398M
current process commit charge ("private bytes"): 477M, peak: 690M

vm_info: OpenJDK 64-Bit Server VM (17.0.16+8-LTS) for windows-amd64 JRE (17.0.16+8-LTS), built on Jul 10 2025 00:24:24 by "MicrosoftCorporation" with unknown MS VC++:1944

END.
