#
# There is insufficient memory for the Java Runtime Environment to continue.
# Native memory allocation (malloc) failed to allocate 1578256 bytes. Error detail: Chunk::new
# Possible reasons:
#   The system is out of physical RAM or swap space
#   This process is running with CompressedOops enabled, and the Java Heap may be blocking the growth of the native heap
# Possible solutions:
#   Reduce memory load on the system
#   Increase physical memory or swap space
#   Check if swap backing store is full
#   Decrease Java heap size (-Xmx/-Xms)
#   Decrease number of Java threads
#   Decrease Java thread stack sizes (-Xss)
#   Set larger code cache with -XX:ReservedCodeCacheSize=
#   JVM is running with Unscaled Compressed Oops mode in which the Java heap is
#     placed in the first 4GB address space. The Java Heap base address is the
#     maximum limit for the native heap growth. Please use -XX:HeapBaseMinAddress
#     to set the Java Heap base and to place the Java Heap above 4GB virtual address.
# This output file may be truncated or incomplete.
#
#  Out of Memory Error (arena.cpp:191), pid=6728, tid=20672
#
# JRE version: OpenJDK Runtime Environment Microsoft-11926163 (17.0.16+8) (build 17.0.16+8-LTS)
# Java VM: OpenJDK 64-Bit Server VM Microsoft-11926163 (17.0.16+8-LTS, mixed mode, sharing, tiered, compressed oops, compressed class ptrs, g1 gc, windows-amd64)
# No core dump will be written. Minidumps are not enabled by default on client versions of Windows
#

---------------  S U M M A R Y ------------

Command Line: -javaagent:C:\Program Files\JetBrains\IntelliJ IDEA Community Edition 2025.2.3\lib\idea_rt.jar=50116 -Dfile.encoding=UTF-8 com.sein_gar_har.SeinGarHarApplication

Host: AMD Ryzen 5 7535HS with Radeon Graphics        , 12 cores, 7G,  Windows 11 , 64 bit Build 26100 (10.0.26100.7019)
Time: Tue Nov 25 10:37:05 2025 Myanmar Standard Time elapsed time: 2952.608507 seconds (0d 0h 49m 12s)

---------------  T H R E A D  ---------------

Current thread (0x000001390404c500):  JavaThread "C2 CompilerThread1" daemon [_thread_in_native, id=20672, stack(0x00000028c7600000,0x00000028c7700000)]


Current CompileTask:
C2:2952608 16985       4       java.util.function.BiPredicate$$Lambda$124/0x000001393a0c7d78::test (16 bytes)

Stack: [0x00000028c7600000,0x00000028c7700000]
Native frames: (J=compiled Java code, j=interpreted, Vv=VM code, C=native code)
V  [jvm.dll+0x68ee19]
V  [jvm.dll+0x846249]
V  [jvm.dll+0x847fb8]
V  [jvm.dll+0x848643]
V  [jvm.dll+0x24cf6f]
V  [jvm.dll+0xaecb6]
V  [jvm.dll+0xaf35c]
V  [jvm.dll+0x37134f]
V  [jvm.dll+0x1c08f9]
V  [jvm.dll+0x21e080]
V  [jvm.dll+0x21d36d]
V  [jvm.dll+0x1a8ce6]
V  [jvm.dll+0x22db1b]
V  [jvm.dll+0x22bca6]
V  [jvm.dll+0x7fba9b]
V  [jvm.dll+0x7f5e9c]
V  [jvm.dll+0x68dd27]
C  [ucrtbase.dll+0x37b0]
C  [KERNEL32.DLL+0x2e8d7]
C  [ntdll.dll+0x8c53c]


---------------  P R O C E S S  ---------------

Threads class SMR info:
_java_thread_list=0x000001397f669eb0, length=18, elements={
0x0000013938d75b00, 0x0000013938d784d0, 0x000001397e002720, 0x000001397e002ff0,
0x000001397e0038c0, 0x000001397e00c1a0, 0x000001397e0102a0, 0x000001397e010c60,
0x0000013938d87a00, 0x0000013938d89d70, 0x0000013938d87f10, 0x0000013938d88420,
0x0000013905fe2460, 0x0000013905fe3db0, 0x0000013905d68c40, 0x000001390129cc90,
0x0000013902b8da10, 0x000001390404c500
}

Java Threads: ( => current thread )
  0x0000013938d75b00 JavaThread "Reference Handler" daemon [_thread_blocked, id=20340, stack(0x00000028c7e00000,0x00000028c7f00000)]
  0x0000013938d784d0 JavaThread "Finalizer" daemon [_thread_blocked, id=20348, stack(0x00000028c7f00000,0x00000028c8000000)]
  0x000001397e002720 JavaThread "Signal Dispatcher" daemon [_thread_blocked, id=20332, stack(0x00000028c8000000,0x00000028c8100000)]
  0x000001397e002ff0 JavaThread "Attach Listener" daemon [_thread_blocked, id=20364, stack(0x00000028c8100000,0x00000028c8200000)]
  0x000001397e0038c0 JavaThread "Service Thread" daemon [_thread_blocked, id=20368, stack(0x00000028c8200000,0x00000028c8300000)]
  0x000001397e00c1a0 JavaThread "Monitor Deflation Thread" daemon [_thread_blocked, id=6424, stack(0x00000028c8300000,0x00000028c8400000)]
  0x000001397e0102a0 JavaThread "C2 CompilerThread0" daemon [_thread_in_native, id=12308, stack(0x00000028c8400000,0x00000028c8500000)]
  0x000001397e010c60 JavaThread "C1 CompilerThread0" daemon [_thread_blocked, id=20072, stack(0x00000028c8500000,0x00000028c8600000)]
  0x0000013938d87a00 JavaThread "Sweeper thread" daemon [_thread_blocked, id=18848, stack(0x00000028c8600000,0x00000028c8700000)]
  0x0000013938d89d70 JavaThread "Common-Cleaner" daemon [_thread_blocked, id=7464, stack(0x00000028c8700000,0x00000028c8800000)]
  0x0000013938d87f10 JavaThread "Monitor Ctrl-Break" daemon [_thread_in_native, id=20344, stack(0x00000028c8900000,0x00000028c8a00000)]
  0x0000013938d88420 JavaThread "Notification Thread" daemon [_thread_blocked, id=19208, stack(0x00000028c8a00000,0x00000028c8b00000)]
  0x0000013905fe2460 JavaThread "mysql-cj-abandoned-connection-cleanup" daemon [_thread_blocked, id=20100, stack(0x00000028c9d00000,0x00000028c9e00000)]
  0x0000013905fe3db0 JavaThread "Live Reload Server" daemon [_thread_in_native, id=840, stack(0x00000028caa00000,0x00000028cab00000)]
  0x0000013905d68c40 JavaThread "DestroyJavaVM" [_thread_blocked, id=19256, stack(0x00000028c7700000,0x00000028c7800000)]
  0x000001390129cc90 JavaThread "Thread-5" [_thread_blocked, id=28812, stack(0x00000028c7500000,0x00000028c7600000)]
  0x0000013902b8da10 JavaThread "restartedMain" [_thread_in_Java, id=28828, stack(0x00000028c7400000,0x00000028c7500000)]
=>0x000001390404c500 JavaThread "C2 CompilerThread1" daemon [_thread_in_native, id=20672, stack(0x00000028c7600000,0x00000028c7700000)]

Other Threads:
  0x0000013938d706c0 VMThread "VM Thread" [stack: 0x00000028c7d00000,0x00000028c7e00000] [id=7144]
  0x000001397eae6cb0 WatcherThread [stack: 0x00000028c8b00000,0x00000028c8c00000] [id=9600]
  0x0000013918b3ae90 GCTaskThread "GC Thread#0" [stack: 0x00000028c7800000,0x00000028c7900000] [id=3412]
  0x000001397f812330 GCTaskThread "GC Thread#1" [stack: 0x00000028c8d00000,0x00000028c8e00000] [id=20088]
  0x000001397f582920 GCTaskThread "GC Thread#2" [stack: 0x00000028c8e00000,0x00000028c8f00000] [id=19368]
  0x000001397efad9b0 GCTaskThread "GC Thread#3" [stack: 0x00000028c8f00000,0x00000028c9000000] [id=3236]
  0x000001397efadc70 GCTaskThread "GC Thread#4" [stack: 0x00000028c9000000,0x00000028c9100000] [id=18980]
  0x000001397fbc7ba0 GCTaskThread "GC Thread#5" [stack: 0x00000028c9300000,0x00000028c9400000] [id=17656]
  0x0000013900431320 GCTaskThread "GC Thread#6" [stack: 0x00000028c9500000,0x00000028c9600000] [id=19532]
  0x0000013900431b60 GCTaskThread "GC Thread#7" [stack: 0x00000028c9600000,0x00000028c9700000] [id=19564]
  0x000001390042ffe0 GCTaskThread "GC Thread#8" [stack: 0x00000028c9700000,0x00000028c9800000] [id=19524]
  0x0000013900430820 GCTaskThread "GC Thread#9" [stack: 0x00000028c9800000,0x00000028c9900000] [id=20296]
  0x000001391ae30880 ConcurrentGCThread "G1 Main Marker" [stack: 0x00000028c7900000,0x00000028c7a00000] [id=19400]
  0x0000013918b3ca90 ConcurrentGCThread "G1 Conc#0" [stack: 0x00000028c7a00000,0x00000028c7b00000] [id=19396]
  0x00000139004302a0 ConcurrentGCThread "G1 Conc#1" [stack: 0x00000028c9900000,0x00000028c9a00000] [id=20180]
  0x0000013900430560 ConcurrentGCThread "G1 Conc#2" [stack: 0x00000028c9a00000,0x00000028c9b00000] [id=20176]
  0x0000013938c2f890 ConcurrentGCThread "G1 Refine#0" [stack: 0x00000028c7b00000,0x00000028c7c00000] [id=20132]
  0x00000139058ab6d0 ConcurrentGCThread "G1 Refine#1" [stack: 0x00000028c9f00000,0x00000028ca000000] [id=19280]
  0x00000139058abfa0 ConcurrentGCThread "G1 Refine#2" [stack: 0x00000028ca300000,0x00000028ca400000] [id=19276]
  0x00000139058add00 ConcurrentGCThread "G1 Refine#3" [stack: 0x00000028ca400000,0x00000028ca500000] [id=16680]
  0x00000139058ad720 ConcurrentGCThread "G1 Refine#4" [stack: 0x00000028ca500000,0x00000028ca600000] [id=16560]
  0x00000139058ab3e0 ConcurrentGCThread "G1 Refine#5" [stack: 0x00000028ca600000,0x00000028ca700000] [id=1512]
  0x00000139058abcb0 ConcurrentGCThread "G1 Refine#6" [stack: 0x00000028ca700000,0x00000028ca800000] [id=15668]
  0x0000013938c30060 ConcurrentGCThread "G1 Service" [stack: 0x00000028c7c00000,0x00000028c7d00000] [id=20136]

Threads with active compile tasks:
C2 CompilerThread0  2952679 17276       4       org.springframework.core.ResolvableType::as (86 bytes)
C2 CompilerThread1  2952679 16985       4       java.util.function.BiPredicate$$Lambda$124/0x000001393a0c7d78::test (16 bytes)

VM state: not at safepoint (normal execution)

VM Mutex/Monitor currently owned by a thread: None

Heap address: 0x000000008ca00000, size: 1846 MB, Compressed Oops mode: 32-bit

CDS archive(s) mapped at: [0x0000013939000000-0x0000013939bb0000-0x0000013939bb0000), size 12255232, SharedBaseAddress: 0x0000013939000000, ArchiveRelocationMode: 1.
Compressed class space mapped at: 0x000001393a000000-0x000001397a000000, reserved size: 1073741824
Narrow klass base: 0x0000013939000000, Narrow klass shift: 0, Narrow klass range: 0x100000000

GC Precious Log:
 CPUs: 12 total, 12 available
 Memory: 7379M
 Large Page Support: Disabled
 NUMA Support: Disabled
 Compressed Oops: Enabled (32-bit)
 Heap Region Size: 1M
 Heap Min Capacity: 8M
 Heap Initial Capacity: 116M
 Heap Max Capacity: 1846M
 Pre-touch: Disabled
 Parallel Workers: 10
 Concurrent Workers: 3
 Concurrent Refinement Workers: 10
 Periodic GC: Disabled

Heap:
 garbage-first heap   total 198656K, used 112929K [0x000000008ca00000, 0x0000000100000000)
  region size 1024K, 58 young (59392K), 0 survivors (0K)
 Metaspace       used 109257K, committed 110016K, reserved 1179648K
  class space    used 14276K, committed 14656K, reserved 1048576K

Heap Regions: E=young(eden), S=young(survivor), O=old, HS=humongous(starts), HC=humongous(continues), CS=collection set, F=free, OA=open archive, CA=closed archive, TAMS=top-at-mark-start (previous, next)
|   0|0x000000008ca00000, 0x000000008cb00000, 0x000000008cb00000|100%|HS|  |TAMS 0x000000008cb00000, 0x000000008ca00000| Untracked 
|   1|0x000000008cb00000, 0x000000008cc00000, 0x000000008cc00000|100%|HS|  |TAMS 0x000000008cc00000, 0x000000008cb00000| Untracked 
|   2|0x000000008cc00000, 0x000000008ccfffe8, 0x000000008cd00000| 99%| O|  |TAMS 0x000000008cc00000, 0x000000008cc00000| Untracked 
|   3|0x000000008cd00000, 0x000000008cdffff0, 0x000000008ce00000| 99%| O|  |TAMS 0x000000008cd00000, 0x000000008cd00000| Untracked 
|   4|0x000000008ce00000, 0x000000008cf00000, 0x000000008cf00000|100%| O|  |TAMS 0x000000008cf00000, 0x000000008ce00000| Untracked 
|   5|0x000000008cf00000, 0x000000008d000000, 0x000000008d000000|100%| O|  |TAMS 0x000000008d000000, 0x000000008cf00000| Untracked 
|   6|0x000000008d000000, 0x000000008d100000, 0x000000008d100000|100%| O|  |TAMS 0x000000008d100000, 0x000000008d000000| Untracked 
|   7|0x000000008d100000, 0x000000008d1fffd8, 0x000000008d200000| 99%| O|  |TAMS 0x000000008d100000, 0x000000008d100000| Untracked 
|   8|0x000000008d200000, 0x000000008d300000, 0x000000008d300000|100%| O|  |TAMS 0x000000008d300000, 0x000000008d200000| Untracked 
|   9|0x000000008d300000, 0x000000008d400000, 0x000000008d400000|100%| O|  |TAMS 0x000000008d400000, 0x000000008d300000| Untracked 
|  10|0x000000008d400000, 0x000000008d4ef148, 0x000000008d500000| 93%| O|  |TAMS 0x000000008d400000, 0x000000008d400000| Untracked 
|  11|0x000000008d500000, 0x000000008d5fffd0, 0x000000008d600000| 99%| O|  |TAMS 0x000000008d500000, 0x000000008d500000| Untracked 
|  12|0x000000008d600000, 0x000000008d6fffe8, 0x000000008d700000| 99%| O|  |TAMS 0x000000008d600000, 0x000000008d600000| Untracked 
|  13|0x000000008d700000, 0x000000008d7fffa0, 0x000000008d800000| 99%| O|  |TAMS 0x000000008d700000, 0x000000008d700000| Untracked 
|  14|0x000000008d800000, 0x000000008d8ffff0, 0x000000008d900000| 99%| O|  |TAMS 0x000000008d800000, 0x000000008d800000| Untracked 
|  15|0x000000008d900000, 0x000000008d9ffff0, 0x000000008da00000| 99%| O|  |TAMS 0x000000008d900000, 0x000000008d900000| Untracked 
|  16|0x000000008da00000, 0x000000008daffff0, 0x000000008db00000| 99%| O|  |TAMS 0x000000008da00000, 0x000000008da00000| Untracked 
|  17|0x000000008db00000, 0x000000008dbfff88, 0x000000008dc00000| 99%| O|  |TAMS 0x000000008db00000, 0x000000008db00000| Untracked 
|  18|0x000000008dc00000, 0x000000008dcfffe8, 0x000000008dd00000| 99%| O|  |TAMS 0x000000008dc00000, 0x000000008dc00000| Untracked 
|  19|0x000000008dd00000, 0x000000008ddfffd0, 0x000000008de00000| 99%| O|  |TAMS 0x000000008dd00000, 0x000000008dd00000| Untracked 
|  20|0x000000008de00000, 0x000000008deffff0, 0x000000008df00000| 99%| O|  |TAMS 0x000000008de00000, 0x000000008de00000| Untracked 
|  21|0x000000008df00000, 0x000000008dffffc0, 0x000000008e000000| 99%| O|  |TAMS 0x000000008df00000, 0x000000008df00000| Untracked 
|  22|0x000000008e000000, 0x000000008e0fffd0, 0x000000008e100000| 99%| O|  |TAMS 0x000000008e000000, 0x000000008e000000| Untracked 
|  23|0x000000008e100000, 0x000000008e1ffff8, 0x000000008e200000| 99%| O|  |TAMS 0x000000008e100000, 0x000000008e100000| Untracked 
|  24|0x000000008e200000, 0x000000008e2ffff8, 0x000000008e300000| 99%| O|  |TAMS 0x000000008e200000, 0x000000008e200000| Untracked 
|  25|0x000000008e300000, 0x000000008e3ffff8, 0x000000008e400000| 99%| O|  |TAMS 0x000000008e300000, 0x000000008e300000| Untracked 
|  26|0x000000008e400000, 0x000000008e4fffe8, 0x000000008e500000| 99%| O|  |TAMS 0x000000008e400000, 0x000000008e400000| Untracked 
|  27|0x000000008e500000, 0x000000008e5fffe0, 0x000000008e600000| 99%| O|  |TAMS 0x000000008e500000, 0x000000008e500000| Untracked 
|  28|0x000000008e600000, 0x000000008e6fffd8, 0x000000008e700000| 99%| O|  |TAMS 0x000000008e600000, 0x000000008e600000| Untracked 
|  29|0x000000008e700000, 0x000000008e7ffff0, 0x000000008e800000| 99%| O|  |TAMS 0x000000008e700000, 0x000000008e700000| Untracked 
|  30|0x000000008e800000, 0x000000008e8ffff0, 0x000000008e900000| 99%| O|  |TAMS 0x000000008e800000, 0x000000008e800000| Untracked 
|  31|0x000000008e900000, 0x000000008e9ffff0, 0x000000008ea00000| 99%| O|  |TAMS 0x000000008e900000, 0x000000008e900000| Untracked 
|  32|0x000000008ea00000, 0x000000008eafffd8, 0x000000008eb00000| 99%| O|  |TAMS 0x000000008ea00000, 0x000000008ea00000| Untracked 
|  33|0x000000008eb00000, 0x000000008ebfffe8, 0x000000008ec00000| 99%| O|  |TAMS 0x000000008eb00000, 0x000000008eb00000| Untracked 
|  34|0x000000008ec00000, 0x000000008ecffff0, 0x000000008ed00000| 99%| O|  |TAMS 0x000000008ec00000, 0x000000008ec00000| Untracked 
|  35|0x000000008ed00000, 0x000000008ee00000, 0x000000008ee00000|100%| O|  |TAMS 0x000000008ee00000, 0x000000008ed00000| Untracked 
|  36|0x000000008ee00000, 0x000000008eefff98, 0x000000008ef00000| 99%| O|  |TAMS 0x000000008ee00000, 0x000000008ee00000| Untracked 
|  37|0x000000008ef00000, 0x000000008f000000, 0x000000008f000000|100%| O|  |TAMS 0x000000008ef00000, 0x000000008ef00000| Untracked 
|  38|0x000000008f000000, 0x000000008f0fffe8, 0x000000008f100000| 99%| O|  |TAMS 0x000000008f000000, 0x000000008f000000| Untracked 
|  39|0x000000008f100000, 0x000000008f1fffa8, 0x000000008f200000| 99%| O|  |TAMS 0x000000008f100000, 0x000000008f100000| Untracked 
|  40|0x000000008f200000, 0x000000008f2d4640, 0x000000008f300000| 82%| O|  |TAMS 0x000000008f200000, 0x000000008f200000| Untracked 
|  41|0x000000008f300000, 0x000000008f3fffe0, 0x000000008f400000| 99%| O|  |TAMS 0x000000008f300000, 0x000000008f300000| Untracked 
|  42|0x000000008f400000, 0x000000008f4fffe8, 0x000000008f500000| 99%| O|  |TAMS 0x000000008f400000, 0x000000008f400000| Untracked 
|  43|0x000000008f500000, 0x000000008f5ffd00, 0x000000008f600000| 99%| O|  |TAMS 0x000000008f500000, 0x000000008f500000| Untracked 
|  44|0x000000008f600000, 0x000000008f6b9a80, 0x000000008f700000| 72%| O|  |TAMS 0x000000008f600000, 0x000000008f600000| Untracked 
|  45|0x000000008f700000, 0x000000008f7ffff0, 0x000000008f800000| 99%| O|  |TAMS 0x000000008f700000, 0x000000008f700000| Untracked 
|  46|0x000000008f800000, 0x000000008f892bf8, 0x000000008f900000| 57%| O|  |TAMS 0x000000008f800000, 0x000000008f800000| Untracked 
|  47|0x000000008f900000, 0x000000008f93d8f0, 0x000000008fa00000| 24%| O|  |TAMS 0x000000008f900000, 0x000000008f900000| Untracked 
|  48|0x000000008fa00000, 0x000000008fafffa0, 0x000000008fb00000| 99%| O|  |TAMS 0x000000008fa00000, 0x000000008fa00000| Untracked 
|  49|0x000000008fb00000, 0x000000008fc00000, 0x000000008fc00000|100%| O|  |TAMS 0x000000008fb00000, 0x000000008fb00000| Untracked 
|  50|0x000000008fc00000, 0x000000008fc00000, 0x000000008fd00000|  0%| F|  |TAMS 0x000000008fc00000, 0x000000008fc00000| Untracked 
|  51|0x000000008fd00000, 0x000000008fd00000, 0x000000008fe00000|  0%| F|  |TAMS 0x000000008fd00000, 0x000000008fd00000| Untracked 
|  52|0x000000008fe00000, 0x000000008fe00000, 0x000000008ff00000|  0%| F|  |TAMS 0x000000008fe00000, 0x000000008fe00000| Untracked 
|  53|0x000000008ff00000, 0x000000008ffffff0, 0x0000000090000000| 99%| O|  |TAMS 0x000000008ff00000, 0x000000008ff00000| Untracked 
|  54|0x0000000090000000, 0x00000000900eafe0, 0x0000000090100000| 91%| O|  |TAMS 0x0000000090000000, 0x0000000090000000| Untracked 
|  55|0x0000000090100000, 0x0000000090100000, 0x0000000090200000|  0%| F|  |TAMS 0x0000000090100000, 0x0000000090100000| Untracked 
|  56|0x0000000090200000, 0x0000000090200000, 0x0000000090300000|  0%| F|  |TAMS 0x0000000090200000, 0x0000000090200000| Untracked 
|  57|0x0000000090300000, 0x0000000090300000, 0x0000000090400000|  0%| F|  |TAMS 0x0000000090300000, 0x0000000090300000| Untracked 
|  58|0x0000000090400000, 0x0000000090400000, 0x0000000090500000|  0%| F|  |TAMS 0x0000000090400000, 0x0000000090400000| Untracked 
|  59|0x0000000090500000, 0x0000000090500000, 0x0000000090600000|  0%| F|  |TAMS 0x0000000090500000, 0x0000000090500000| Untracked 
|  60|0x0000000090600000, 0x00000000906fffe0, 0x0000000090700000| 99%| O|  |TAMS 0x0000000090600000, 0x0000000090600000| Untracked 
|  61|0x0000000090700000, 0x0000000090700000, 0x0000000090800000|  0%| F|  |TAMS 0x0000000090700000, 0x0000000090700000| Untracked 
|  62|0x0000000090800000, 0x000000009089f880, 0x0000000090900000| 62%| O|  |TAMS 0x0000000090800000, 0x0000000090800000| Untracked 
|  63|0x0000000090900000, 0x00000000909ff830, 0x0000000090a00000| 99%| O|  |TAMS 0x0000000090900000, 0x0000000090900000| Untracked 
|  64|0x0000000090a00000, 0x0000000090a00000, 0x0000000090b00000|  0%| F|  |TAMS 0x0000000090a00000, 0x0000000090a00000| Untracked 
|  65|0x0000000090b00000, 0x0000000090b6f050, 0x0000000090c00000| 43%| O|  |TAMS 0x0000000090b00000, 0x0000000090b00000| Untracked 
|  66|0x0000000090c00000, 0x0000000090d00000, 0x0000000090d00000|100%| O|  |TAMS 0x0000000090d00000, 0x0000000090c00000| Untracked 
|  67|0x0000000090d00000, 0x0000000090d00000, 0x0000000090e00000|  0%| F|  |TAMS 0x0000000090d00000, 0x0000000090d00000| Untracked 
|  68|0x0000000090e00000, 0x0000000090e00000, 0x0000000090f00000|  0%| F|  |TAMS 0x0000000090e00000, 0x0000000090e00000| Untracked 
|  69|0x0000000090f00000, 0x0000000090f00000, 0x0000000091000000|  0%| F|  |TAMS 0x0000000090f00000, 0x0000000090f00000| Untracked 
|  70|0x0000000091000000, 0x0000000091000000, 0x0000000091100000|  0%| F|  |TAMS 0x0000000091000000, 0x0000000091000000| Untracked 
|  71|0x0000000091100000, 0x0000000091100000, 0x0000000091200000|  0%| F|  |TAMS 0x0000000091100000, 0x0000000091100000| Untracked 
|  72|0x0000000091200000, 0x0000000091200000, 0x0000000091300000|  0%| F|  |TAMS 0x0000000091200000, 0x0000000091200000| Untracked 
|  73|0x0000000091300000, 0x0000000091300000, 0x0000000091400000|  0%| F|  |TAMS 0x0000000091300000, 0x0000000091300000| Untracked 
|  74|0x0000000091400000, 0x0000000091400000, 0x0000000091500000|  0%| F|  |TAMS 0x0000000091400000, 0x0000000091400000| Untracked 
|  75|0x0000000091500000, 0x0000000091500000, 0x0000000091600000|  0%| F|  |TAMS 0x0000000091500000, 0x0000000091500000| Untracked 
|  76|0x0000000091600000, 0x0000000091600000, 0x0000000091700000|  0%| F|  |TAMS 0x0000000091600000, 0x0000000091600000| Untracked 
|  77|0x0000000091700000, 0x0000000091700000, 0x0000000091800000|  0%| F|  |TAMS 0x0000000091700000, 0x0000000091700000| Untracked 
|  78|0x0000000091800000, 0x0000000091800000, 0x0000000091900000|  0%| F|  |TAMS 0x0000000091800000, 0x0000000091800000| Untracked 
|  79|0x0000000091900000, 0x0000000091900000, 0x0000000091a00000|  0%| F|  |TAMS 0x0000000091900000, 0x0000000091900000| Untracked 
|  80|0x0000000091a00000, 0x0000000091a00000, 0x0000000091b00000|  0%| F|  |TAMS 0x0000000091a00000, 0x0000000091a00000| Untracked 
|  81|0x0000000091b00000, 0x0000000091b00000, 0x0000000091c00000|  0%| F|  |TAMS 0x0000000091b00000, 0x0000000091b00000| Untracked 
|  82|0x0000000091c00000, 0x0000000091c00000, 0x0000000091d00000|  0%| F|  |TAMS 0x0000000091c00000, 0x0000000091c00000| Untracked 
|  83|0x0000000091d00000, 0x0000000091d00000, 0x0000000091e00000|  0%| F|  |TAMS 0x0000000091d00000, 0x0000000091d00000| Untracked 
|  84|0x0000000091e00000, 0x0000000091e02678, 0x0000000091f00000|  0%| O|  |TAMS 0x0000000091e00000, 0x0000000091e00000| Untracked 
|  85|0x0000000091f00000, 0x0000000091f00000, 0x0000000092000000|  0%| F|  |TAMS 0x0000000091f00000, 0x0000000091f00000| Untracked 
|  86|0x0000000092000000, 0x0000000092000000, 0x0000000092100000|  0%| F|  |TAMS 0x0000000092000000, 0x0000000092000000| Untracked 
|  87|0x0000000092100000, 0x0000000092100000, 0x0000000092200000|  0%| F|  |TAMS 0x0000000092100000, 0x0000000092100000| Untracked 
|  88|0x0000000092200000, 0x0000000092200000, 0x0000000092300000|  0%| F|  |TAMS 0x0000000092200000, 0x0000000092200000| Untracked 
|  89|0x0000000092300000, 0x0000000092300000, 0x0000000092400000|  0%| F|  |TAMS 0x0000000092300000, 0x0000000092300000| Untracked 
|  90|0x0000000092400000, 0x0000000092400000, 0x0000000092500000|  0%| F|  |TAMS 0x0000000092400000, 0x0000000092400000| Untracked 
|  91|0x0000000092500000, 0x0000000092500000, 0x0000000092600000|  0%| F|  |TAMS 0x0000000092500000, 0x0000000092500000| Untracked 
|  92|0x0000000092600000, 0x0000000092600000, 0x0000000092700000|  0%| F|  |TAMS 0x0000000092600000, 0x0000000092600000| Untracked 
|  93|0x0000000092700000, 0x0000000092700000, 0x0000000092800000|  0%| F|  |TAMS 0x0000000092700000, 0x0000000092700000| Untracked 
|  94|0x0000000092800000, 0x0000000092800000, 0x0000000092900000|  0%| F|  |TAMS 0x0000000092800000, 0x0000000092800000| Untracked 
|  95|0x0000000092900000, 0x0000000092900000, 0x0000000092a00000|  0%| F|  |TAMS 0x0000000092900000, 0x0000000092900000| Untracked 
|  96|0x0000000092a00000, 0x0000000092a00000, 0x0000000092b00000|  0%| F|  |TAMS 0x0000000092a00000, 0x0000000092a00000| Untracked 
|  97|0x0000000092b00000, 0x0000000092b00000, 0x0000000092c00000|  0%| F|  |TAMS 0x0000000092b00000, 0x0000000092b00000| Untracked 
|  98|0x0000000092c00000, 0x0000000092c00000, 0x0000000092d00000|  0%| F|  |TAMS 0x0000000092c00000, 0x0000000092c00000| Untracked 
|  99|0x0000000092d00000, 0x0000000092d00000, 0x0000000092e00000|  0%| F|  |TAMS 0x0000000092d00000, 0x0000000092d00000| Untracked 
| 100|0x0000000092e00000, 0x0000000092e00000, 0x0000000092f00000|  0%| F|  |TAMS 0x0000000092e00000, 0x0000000092e00000| Untracked 
| 101|0x0000000092f00000, 0x0000000092f00000, 0x0000000093000000|  0%| F|  |TAMS 0x0000000092f00000, 0x0000000092f00000| Untracked 
| 102|0x0000000093000000, 0x0000000093000000, 0x0000000093100000|  0%| F|  |TAMS 0x0000000093000000, 0x0000000093000000| Untracked 
| 103|0x0000000093100000, 0x0000000093100000, 0x0000000093200000|  0%| F|  |TAMS 0x0000000093100000, 0x0000000093100000| Untracked 
| 104|0x0000000093200000, 0x0000000093200000, 0x0000000093300000|  0%| F|  |TAMS 0x0000000093200000, 0x0000000093200000| Untracked 
| 105|0x0000000093300000, 0x0000000093300000, 0x0000000093400000|  0%| F|  |TAMS 0x0000000093300000, 0x0000000093300000| Untracked 
| 106|0x0000000093400000, 0x0000000093400000, 0x0000000093500000|  0%| F|  |TAMS 0x0000000093400000, 0x0000000093400000| Untracked 
| 107|0x0000000093500000, 0x0000000093500000, 0x0000000093600000|  0%| F|  |TAMS 0x0000000093500000, 0x0000000093500000| Untracked 
| 108|0x0000000093600000, 0x0000000093600000, 0x0000000093700000|  0%| F|  |TAMS 0x0000000093600000, 0x0000000093600000| Untracked 
| 109|0x0000000093700000, 0x0000000093700000, 0x0000000093800000|  0%| F|  |TAMS 0x0000000093700000, 0x0000000093700000| Untracked 
| 110|0x0000000093800000, 0x0000000093800000, 0x0000000093900000|  0%| F|  |TAMS 0x0000000093800000, 0x0000000093800000| Untracked 
| 111|0x0000000093900000, 0x0000000093900000, 0x0000000093a00000|  0%| F|  |TAMS 0x0000000093900000, 0x0000000093900000| Untracked 
| 112|0x0000000093a00000, 0x0000000093a00000, 0x0000000093b00000|  0%| F|  |TAMS 0x0000000093a00000, 0x0000000093a00000| Untracked 
| 113|0x0000000093b00000, 0x0000000093b00000, 0x0000000093c00000|  0%| F|  |TAMS 0x0000000093b00000, 0x0000000093b00000| Untracked 
| 114|0x0000000093c00000, 0x0000000093c00000, 0x0000000093d00000|  0%| F|  |TAMS 0x0000000093c00000, 0x0000000093c00000| Untracked 
| 115|0x0000000093d00000, 0x0000000093d00000, 0x0000000093e00000|  0%| F|  |TAMS 0x0000000093d00000, 0x0000000093d00000| Untracked 
| 116|0x0000000093e00000, 0x0000000093e00000, 0x0000000093f00000|  0%| F|  |TAMS 0x0000000093e00000, 0x0000000093e00000| Untracked 
| 117|0x0000000093f00000, 0x0000000093f00000, 0x0000000094000000|  0%| F|  |TAMS 0x0000000093f00000, 0x0000000093f00000| Untracked 
| 118|0x0000000094000000, 0x0000000094000000, 0x0000000094100000|  0%| F|  |TAMS 0x0000000094000000, 0x0000000094000000| Untracked 
| 119|0x0000000094100000, 0x0000000094100000, 0x0000000094200000|  0%| F|  |TAMS 0x0000000094100000, 0x0000000094100000| Untracked 
| 120|0x0000000094200000, 0x0000000094200000, 0x0000000094300000|  0%| F|  |TAMS 0x0000000094200000, 0x0000000094200000| Untracked 
| 121|0x0000000094300000, 0x0000000094300000, 0x0000000094400000|  0%| F|  |TAMS 0x0000000094300000, 0x0000000094300000| Untracked 
| 122|0x0000000094400000, 0x0000000094400000, 0x0000000094500000|  0%| F|  |TAMS 0x0000000094400000, 0x0000000094400000| Untracked 
| 123|0x0000000094500000, 0x0000000094500000, 0x0000000094600000|  0%| F|  |TAMS 0x0000000094500000, 0x0000000094500000| Untracked 
| 124|0x0000000094600000, 0x0000000094600000, 0x0000000094700000|  0%| F|  |TAMS 0x0000000094600000, 0x0000000094600000| Untracked 
| 125|0x0000000094700000, 0x0000000094700000, 0x0000000094800000|  0%| F|  |TAMS 0x0000000094700000, 0x0000000094700000| Untracked 
| 126|0x0000000094800000, 0x0000000094800000, 0x0000000094900000|  0%| F|  |TAMS 0x0000000094800000, 0x0000000094800000| Untracked 
| 127|0x0000000094900000, 0x0000000094900000, 0x0000000094a00000|  0%| F|  |TAMS 0x0000000094900000, 0x0000000094900000| Untracked 
| 128|0x0000000094a00000, 0x0000000094a00000, 0x0000000094b00000|  0%| F|  |TAMS 0x0000000094a00000, 0x0000000094a00000| Untracked 
| 129|0x0000000094b00000, 0x0000000094b00000, 0x0000000094c00000|  0%| F|  |TAMS 0x0000000094b00000, 0x0000000094b00000| Untracked 
| 130|0x0000000094c00000, 0x0000000094c00000, 0x0000000094d00000|  0%| F|  |TAMS 0x0000000094c00000, 0x0000000094c00000| Untracked 
| 131|0x0000000094d00000, 0x0000000094d00000, 0x0000000094e00000|  0%| F|  |TAMS 0x0000000094d00000, 0x0000000094d00000| Untracked 
| 132|0x0000000094e00000, 0x0000000094e00000, 0x0000000094f00000|  0%| F|  |TAMS 0x0000000094e00000, 0x0000000094e00000| Untracked 
| 133|0x0000000094f00000, 0x0000000094f00000, 0x0000000095000000|  0%| F|  |TAMS 0x0000000094f00000, 0x0000000094f00000| Untracked 
| 134|0x0000000095000000, 0x0000000095000000, 0x0000000095100000|  0%| F|  |TAMS 0x0000000095000000, 0x0000000095000000| Untracked 
| 135|0x0000000095100000, 0x0000000095100000, 0x0000000095200000|  0%| F|  |TAMS 0x0000000095100000, 0x0000000095100000| Untracked 
| 136|0x0000000095200000, 0x00000000952d1648, 0x0000000095300000| 81%| E|  |TAMS 0x0000000095200000, 0x0000000095200000| Complete 
| 137|0x0000000095300000, 0x0000000095400000, 0x0000000095400000|100%| E|CS|TAMS 0x0000000095300000, 0x0000000095300000| Complete 
| 138|0x0000000095400000, 0x0000000095500000, 0x0000000095500000|100%| E|CS|TAMS 0x0000000095400000, 0x0000000095400000| Complete 
| 139|0x0000000095500000, 0x0000000095600000, 0x0000000095600000|100%| E|CS|TAMS 0x0000000095500000, 0x0000000095500000| Complete 
| 140|0x0000000095600000, 0x0000000095700000, 0x0000000095700000|100%| E|CS|TAMS 0x0000000095600000, 0x0000000095600000| Complete 
| 141|0x0000000095700000, 0x0000000095800000, 0x0000000095800000|100%| E|CS|TAMS 0x0000000095700000, 0x0000000095700000| Complete 
| 142|0x0000000095800000, 0x0000000095900000, 0x0000000095900000|100%| E|CS|TAMS 0x0000000095800000, 0x0000000095800000| Complete 
| 143|0x0000000095900000, 0x0000000095a00000, 0x0000000095a00000|100%| E|CS|TAMS 0x0000000095900000, 0x0000000095900000| Complete 
| 144|0x0000000095a00000, 0x0000000095b00000, 0x0000000095b00000|100%| E|CS|TAMS 0x0000000095a00000, 0x0000000095a00000| Complete 
| 145|0x0000000095b00000, 0x0000000095c00000, 0x0000000095c00000|100%| E|CS|TAMS 0x0000000095b00000, 0x0000000095b00000| Complete 
| 146|0x0000000095c00000, 0x0000000095d00000, 0x0000000095d00000|100%| E|CS|TAMS 0x0000000095c00000, 0x0000000095c00000| Complete 
| 147|0x0000000095d00000, 0x0000000095e00000, 0x0000000095e00000|100%| E|CS|TAMS 0x0000000095d00000, 0x0000000095d00000| Complete 
| 148|0x0000000095e00000, 0x0000000095f00000, 0x0000000095f00000|100%| E|CS|TAMS 0x0000000095e00000, 0x0000000095e00000| Complete 
| 149|0x0000000095f00000, 0x0000000096000000, 0x0000000096000000|100%| E|CS|TAMS 0x0000000095f00000, 0x0000000095f00000| Complete 
| 150|0x0000000096000000, 0x0000000096100000, 0x0000000096100000|100%| E|CS|TAMS 0x0000000096000000, 0x0000000096000000| Complete 
| 151|0x0000000096100000, 0x0000000096200000, 0x0000000096200000|100%| E|CS|TAMS 0x0000000096100000, 0x0000000096100000| Complete 
| 152|0x0000000096200000, 0x0000000096300000, 0x0000000096300000|100%| E|CS|TAMS 0x0000000096200000, 0x0000000096200000| Complete 
| 153|0x0000000096300000, 0x0000000096400000, 0x0000000096400000|100%| E|CS|TAMS 0x0000000096300000, 0x0000000096300000| Complete 
| 154|0x0000000096400000, 0x0000000096500000, 0x0000000096500000|100%| E|CS|TAMS 0x0000000096400000, 0x0000000096400000| Complete 
| 155|0x0000000096500000, 0x0000000096600000, 0x0000000096600000|100%| E|CS|TAMS 0x0000000096500000, 0x0000000096500000| Complete 
| 156|0x0000000096600000, 0x0000000096700000, 0x0000000096700000|100%| E|CS|TAMS 0x0000000096600000, 0x0000000096600000| Complete 
| 157|0x0000000096700000, 0x0000000096800000, 0x0000000096800000|100%| E|CS|TAMS 0x0000000096700000, 0x0000000096700000| Complete 
| 158|0x0000000096800000, 0x0000000096900000, 0x0000000096900000|100%| E|CS|TAMS 0x0000000096800000, 0x0000000096800000| Complete 
| 159|0x0000000096900000, 0x0000000096a00000, 0x0000000096a00000|100%| E|CS|TAMS 0x0000000096900000, 0x0000000096900000| Complete 
| 160|0x0000000096a00000, 0x0000000096b00000, 0x0000000096b00000|100%| E|CS|TAMS 0x0000000096a00000, 0x0000000096a00000| Complete 
| 161|0x0000000096b00000, 0x0000000096c00000, 0x0000000096c00000|100%| E|CS|TAMS 0x0000000096b00000, 0x0000000096b00000| Complete 
| 162|0x0000000096c00000, 0x0000000096d00000, 0x0000000096d00000|100%| E|CS|TAMS 0x0000000096c00000, 0x0000000096c00000| Complete 
| 163|0x0000000096d00000, 0x0000000096e00000, 0x0000000096e00000|100%| E|CS|TAMS 0x0000000096d00000, 0x0000000096d00000| Complete 
| 164|0x0000000096e00000, 0x0000000096f00000, 0x0000000096f00000|100%| E|CS|TAMS 0x0000000096e00000, 0x0000000096e00000| Complete 
| 165|0x0000000096f00000, 0x0000000097000000, 0x0000000097000000|100%| E|CS|TAMS 0x0000000096f00000, 0x0000000096f00000| Complete 
| 166|0x0000000097000000, 0x0000000097100000, 0x0000000097100000|100%| E|CS|TAMS 0x0000000097000000, 0x0000000097000000| Complete 
| 167|0x0000000097100000, 0x0000000097200000, 0x0000000097200000|100%| E|CS|TAMS 0x0000000097100000, 0x0000000097100000| Complete 
| 168|0x0000000097200000, 0x0000000097300000, 0x0000000097300000|100%| E|CS|TAMS 0x0000000097200000, 0x0000000097200000| Complete 
| 169|0x0000000097300000, 0x0000000097400000, 0x0000000097400000|100%| E|CS|TAMS 0x0000000097300000, 0x0000000097300000| Complete 
| 170|0x0000000097400000, 0x0000000097500000, 0x0000000097500000|100%| E|CS|TAMS 0x0000000097400000, 0x0000000097400000| Complete 
| 171|0x0000000097500000, 0x0000000097600000, 0x0000000097600000|100%| E|CS|TAMS 0x0000000097500000, 0x0000000097500000| Complete 
| 172|0x0000000097600000, 0x0000000097700000, 0x0000000097700000|100%| E|CS|TAMS 0x0000000097600000, 0x0000000097600000| Complete 
| 173|0x0000000097700000, 0x0000000097800000, 0x0000000097800000|100%| E|CS|TAMS 0x0000000097700000, 0x0000000097700000| Complete 
| 174|0x0000000097800000, 0x0000000097900000, 0x0000000097900000|100%| E|CS|TAMS 0x0000000097800000, 0x0000000097800000| Complete 
| 175|0x0000000097900000, 0x0000000097a00000, 0x0000000097a00000|100%| E|CS|TAMS 0x0000000097900000, 0x0000000097900000| Complete 
| 176|0x0000000097a00000, 0x0000000097b00000, 0x0000000097b00000|100%| E|CS|TAMS 0x0000000097a00000, 0x0000000097a00000| Complete 
| 177|0x0000000097b00000, 0x0000000097c00000, 0x0000000097c00000|100%| E|CS|TAMS 0x0000000097b00000, 0x0000000097b00000| Complete 
| 178|0x0000000097c00000, 0x0000000097d00000, 0x0000000097d00000|100%| E|CS|TAMS 0x0000000097c00000, 0x0000000097c00000| Complete 
| 179|0x0000000097d00000, 0x0000000097e00000, 0x0000000097e00000|100%| E|CS|TAMS 0x0000000097d00000, 0x0000000097d00000| Complete 
| 180|0x0000000097e00000, 0x0000000097f00000, 0x0000000097f00000|100%| E|CS|TAMS 0x0000000097e00000, 0x0000000097e00000| Complete 
| 181|0x0000000097f00000, 0x0000000098000000, 0x0000000098000000|100%| E|CS|TAMS 0x0000000097f00000, 0x0000000097f00000| Complete 
| 182|0x0000000098000000, 0x0000000098100000, 0x0000000098100000|100%| E|  |TAMS 0x0000000098000000, 0x0000000098000000| Complete 
| 183|0x0000000098100000, 0x0000000098200000, 0x0000000098200000|100%| E|CS|TAMS 0x0000000098100000, 0x0000000098100000| Complete 
| 184|0x0000000098200000, 0x0000000098300000, 0x0000000098300000|100%| E|CS|TAMS 0x0000000098200000, 0x0000000098200000| Complete 
| 185|0x0000000098300000, 0x0000000098400000, 0x0000000098400000|100%| E|CS|TAMS 0x0000000098300000, 0x0000000098300000| Complete 
| 186|0x0000000098400000, 0x0000000098500000, 0x0000000098500000|100%| E|CS|TAMS 0x0000000098400000, 0x0000000098400000| Complete 
| 187|0x0000000098500000, 0x0000000098600000, 0x0000000098600000|100%| E|CS|TAMS 0x0000000098500000, 0x0000000098500000| Complete 
| 188|0x0000000098600000, 0x0000000098700000, 0x0000000098700000|100%| E|CS|TAMS 0x0000000098600000, 0x0000000098600000| Complete 
| 189|0x0000000098700000, 0x0000000098800000, 0x0000000098800000|100%| E|CS|TAMS 0x0000000098700000, 0x0000000098700000| Complete 
| 190|0x0000000098800000, 0x0000000098900000, 0x0000000098900000|100%| E|CS|TAMS 0x0000000098800000, 0x0000000098800000| Complete 
| 191|0x0000000098900000, 0x0000000098a00000, 0x0000000098a00000|100%| E|CS|TAMS 0x0000000098900000, 0x0000000098900000| Complete 
| 192|0x0000000098a00000, 0x0000000098b00000, 0x0000000098b00000|100%| E|CS|TAMS 0x0000000098a00000, 0x0000000098a00000| Complete 
| 193|0x0000000098b00000, 0x0000000098c00000, 0x0000000098c00000|100%| E|CS|TAMS 0x0000000098b00000, 0x0000000098b00000| Complete 

Card table byte_map: [0x0000013932200000,0x00000139325a0000] _byte_map_base: 0x0000013931d9b000

Marking Bits (Prev, Next): (CMBitMap*) 0x0000013918b3b400, (CMBitMap*) 0x0000013918b3b3c0
 Prev Bits: [0x0000013934620000, 0x00000139362f8000)
 Next Bits: [0x0000013932940000, 0x0000013934618000)

Polling page: 0x0000013918c50000

Metaspace:

Usage:
  Non-class:     92.75 MB used.
      Class:     13.94 MB used.
       Both:    106.70 MB used.

Virtual space:
  Non-class space:      128.00 MB reserved,      93.12 MB ( 73%) committed,  2 nodes.
      Class space:        1.00 GB reserved,      14.31 MB (  1%) committed,  1 nodes.
             Both:        1.12 GB reserved,     107.44 MB (  9%) committed. 

Chunk freelists:
   Non-Class:  2.69 MB
       Class:  1.70 MB
        Both:  4.40 MB

MaxMetaspaceSize: unlimited
CompressedClassSpaceSize: 1.00 GB
Initial GC threshold: 21.00 MB
Current GC threshold: 177.75 MB
CDS: on
MetaspaceReclaimPolicy: balanced
 - commit_granule_bytes: 65536.
 - commit_granule_words: 8192.
 - virtual_space_node_default_size: 8388608.
 - enlarge_chunks_in_place: 1.
 - new_chunks_are_fully_committed: 0.
 - uncommit_free_chunks: 1.
 - use_allocation_guard: 0.
 - handle_deallocations: 1.


Internal statistics:

num_allocs_failed_limit: 6.
num_arena_births: 1566.
num_arena_deaths: 484.
num_vsnodes_births: 3.
num_vsnodes_deaths: 0.
num_space_committed: 1717.
num_space_uncommitted: 0.
num_chunks_returned_to_freelist: 575.
num_chunks_taken_from_freelist: 5840.
num_chunk_merges: 206.
num_chunk_splits: 3950.
num_chunks_enlarged: 2930.
num_inconsistent_stats: 0.

CodeHeap 'non-profiled nmethods': size=120000Kb used=9545Kb max_used=9545Kb free=110455Kb
 bounds [0x000001392a3d0000, 0x000001392ad30000, 0x0000013931900000]
CodeHeap 'profiled nmethods': size=120000Kb used=27956Kb max_used=28370Kb free=92043Kb
 bounds [0x0000013922900000, 0x00000139244c0000, 0x0000013929e30000]
CodeHeap 'non-nmethods': size=5760Kb used=1426Kb max_used=1471Kb free=4333Kb
 bounds [0x0000013929e30000, 0x000001392a0a0000, 0x000001392a3d0000]
 total_blobs=15372 nmethods=14609 adapters=673
 compilation: enabled
              stopped_count=0, restarted_count=0
 full_count=0

Compilation events (20 events):
Event: 2951.306 Thread 0x000001397e010c60 17384       2       org.springframework.beans.factory.support.AbstractAutowireCapableBeanFactory::invokeInitMethods (161 bytes)
Event: 2951.309 Thread 0x000001397e010c60 nmethod 17384 0x0000013923954b10 code [0x0000013923954d60, 0x0000013923955578]
Event: 2951.346 Thread 0x000001397e010c60 17385       2       java.nio.HeapCharBuffer::get (14 bytes)
Event: 2951.347 Thread 0x000001397e010c60 nmethod 17385 0x0000013923a18990 code [0x0000013923a18b40, 0x0000013923a18d68]
Event: 2951.359 Thread 0x000001397e010c60 17386       2       java.util.StringTokenizer::hasMoreElements (5 bytes)
Event: 2951.359 Thread 0x000001397e010c60 nmethod 17386 0x0000013923a18590 code [0x0000013923a18740, 0x0000013923a18888]
Event: 2951.417 Thread 0x000001397e0102a0 nmethod 17255% 0x000001392ad15a90 code [0x000001392ad160c0, 0x000001392ad1dff0]
Event: 2951.418 Thread 0x000001397e0102a0 17276       4       org.springframework.core.ResolvableType::as (86 bytes)
Event: 2951.462 Thread 0x000001397e010c60 17387       2       java.util.jar.Manifest::<init> (8 bytes)
Event: 2951.462 Thread 0x000001397e010c60 nmethod 17387 0x0000013923c2f410 code [0x0000013923c2f5c0, 0x0000013923c2f6e8]
Event: 2951.465 Thread 0x000001397e010c60 17388       2       java.util.jar.Attributes::getValue (12 bytes)
Event: 2951.466 Thread 0x000001397e010c60 nmethod 17388 0x0000013923a17f10 code [0x0000013923a180e0, 0x0000013923a183f8]
Event: 2951.466 Thread 0x000001397e010c60 17389       2       java.lang.CompoundEnumeration::nextElement (30 bytes)
Event: 2951.467 Thread 0x000001397e010c60 nmethod 17389 0x0000013923af1b10 code [0x0000013923af1ce0, 0x0000013923af1f28]
Event: 2951.467 Thread 0x000001397e010c60 17390       2       jdk.internal.loader.BuiltinClassLoader$1::nextElement (5 bytes)
Event: 2951.468 Thread 0x000001397e010c60 nmethod 17390 0x0000013923af1610 code [0x0000013923af17c0, 0x0000013923af19f8]
Event: 2951.468 Thread 0x000001397e010c60 17391       2       jdk.internal.loader.BuiltinClassLoader$1::nextElement (27 bytes)
Event: 2951.468 Thread 0x000001397e010c60 nmethod 17391 0x0000013923af1110 code [0x0000013923af12c0, 0x0000013923af14f8]
Event: 2951.560 Thread 0x000001397e010c60 17393       2       java.net.URL::openStream (8 bytes)
Event: 2951.560 Thread 0x000001397e010c60 nmethod 17393 0x0000013923b8cd10 code [0x0000013923b8cec0, 0x0000013923b8d018]

GC Heap History (20 events):
Event: 22.294 GC heap before
{Heap before GC invocations=37 (full 0):
 garbage-first heap   total 229376K, used 177691K [0x000000008ca00000, 0x0000000100000000)
  region size 1024K, 99 young (101376K), 2 survivors (2048K)
 Metaspace       used 80653K, committed 81280K, reserved 1179648K
  class space    used 11155K, committed 11456K, reserved 1048576K
}
Event: 22.315 GC heap after
{Heap after GC invocations=38 (full 0):
 garbage-first heap   total 229376K, used 98304K [0x000000008ca00000, 0x0000000100000000)
  region size 1024K, 13 young (13312K), 13 survivors (13312K)
 Metaspace       used 80653K, committed 81280K, reserved 1179648K
  class space    used 11155K, committed 11456K, reserved 1048576K
}
Event: 22.549 GC heap before
{Heap before GC invocations=38 (full 0):
 garbage-first heap   total 229376K, used 177152K [0x000000008ca00000, 0x0000000100000000)
  region size 1024K, 87 young (89088K), 13 survivors (13312K)
 Metaspace       used 80653K, committed 81280K, reserved 1179648K
  class space    used 11155K, committed 11456K, reserved 1048576K
}
Event: 22.591 GC heap after
{Heap after GC invocations=39 (full 0):
 garbage-first heap   total 229376K, used 129576K [0x000000008ca00000, 0x0000000100000000)
  region size 1024K, 11 young (11264K), 11 survivors (11264K)
 Metaspace       used 80653K, committed 81280K, reserved 1179648K
  class space    used 11155K, committed 11456K, reserved 1048576K
}
Event: 23.207 GC heap before
{Heap before GC invocations=39 (full 0):
 garbage-first heap   total 229376K, used 171560K [0x000000008ca00000, 0x0000000100000000)
  region size 1024K, 52 young (53248K), 11 survivors (11264K)
 Metaspace       used 81067K, committed 81664K, reserved 1179648K
  class space    used 11185K, committed 11456K, reserved 1048576K
}
Event: 23.234 GC heap after
{Heap after GC invocations=40 (full 0):
 garbage-first heap   total 636928K, used 134275K [0x000000008ca00000, 0x0000000100000000)
  region size 1024K, 3 young (3072K), 3 survivors (3072K)
 Metaspace       used 81067K, committed 81664K, reserved 1179648K
  class space    used 11185K, committed 11456K, reserved 1048576K
}
Event: 298.249 GC heap before
{Heap before GC invocations=41 (full 0):
 garbage-first heap   total 485376K, used 406659K [0x000000008ca00000, 0x0000000100000000)
  region size 1024K, 283 young (289792K), 3 survivors (3072K)
 Metaspace       used 104956K, committed 105856K, reserved 1179648K
  class space    used 14160K, committed 14592K, reserved 1048576K
}
Event: 298.295 GC heap after
{Heap after GC invocations=42 (full 0):
 garbage-first heap   total 485376K, used 133685K [0x000000008ca00000, 0x0000000100000000)
  region size 1024K, 17 young (17408K), 17 survivors (17408K)
 Metaspace       used 104956K, committed 105856K, reserved 1179648K
  class space    used 14160K, committed 14592K, reserved 1048576K
}
Event: 331.731 GC heap before
{Heap before GC invocations=42 (full 0):
 garbage-first heap   total 485376K, used 139829K [0x000000008ca00000, 0x0000000100000000)
  region size 1024K, 23 young (23552K), 17 survivors (17408K)
 Metaspace       used 104957K, committed 105856K, reserved 1179648K
  class space    used 14160K, committed 14592K, reserved 1048576K
}
Event: 331.762 GC heap after
{Heap after GC invocations=43 (full 0):
 garbage-first heap   total 485376K, used 131415K [0x000000008ca00000, 0x0000000100000000)
  region size 1024K, 2 young (2048K), 2 survivors (2048K)
 Metaspace       used 104957K, committed 105856K, reserved 1179648K
  class space    used 14160K, committed 14592K, reserved 1048576K
}
Event: 1304.655 GC heap before
{Heap before GC invocations=43 (full 0):
 garbage-first heap   total 485376K, used 352599K [0x000000008ca00000, 0x0000000100000000)
  region size 1024K, 218 young (223232K), 2 survivors (2048K)
 Metaspace       used 106949K, committed 107840K, reserved 1179648K
  class space    used 14232K, committed 14656K, reserved 1048576K
}
Event: 1304.685 GC heap after
{Heap after GC invocations=44 (full 0):
 garbage-first heap   total 485376K, used 131514K [0x000000008ca00000, 0x0000000100000000)
  region size 1024K, 3 young (3072K), 3 survivors (3072K)
 Metaspace       used 106949K, committed 107840K, reserved 1179648K
  class space    used 14232K, committed 14656K, reserved 1048576K
}
Event: 2126.193 GC heap before
{Heap before GC invocations=44 (full 0):
 garbage-first heap   total 485376K, used 369082K [0x000000008ca00000, 0x0000000100000000)
  region size 1024K, 235 young (240640K), 3 survivors (3072K)
 Metaspace       used 108283K, committed 109120K, reserved 1179648K
  class space    used 14250K, committed 14656K, reserved 1048576K
}
Event: 2126.329 GC heap after
{Heap after GC invocations=45 (full 0):
 garbage-first heap   total 485376K, used 135442K [0x000000008ca00000, 0x0000000100000000)
  region size 1024K, 6 young (6144K), 6 survivors (6144K)
 Metaspace       used 108283K, committed 109120K, reserved 1179648K
  class space    used 14250K, committed 14656K, reserved 1048576K
}
Event: 2368.544 GC heap before
{Heap before GC invocations=46 (full 0):
 garbage-first heap   total 368640K, used 161042K [0x000000008ca00000, 0x0000000100000000)
  region size 1024K, 59 young (60416K), 6 survivors (6144K)
 Metaspace       used 108052K, committed 109248K, reserved 1179648K
  class space    used 14171K, committed 14656K, reserved 1048576K
}
Event: 2368.564 GC heap after
{Heap after GC invocations=47 (full 0):
 garbage-first heap   total 368640K, used 106650K [0x000000008ca00000, 0x0000000100000000)
  region size 1024K, 2 young (2048K), 2 survivors (2048K)
 Metaspace       used 108052K, committed 109248K, reserved 1179648K
  class space    used 14171K, committed 14656K, reserved 1048576K
}
Event: 2461.241 GC heap before
{Heap before GC invocations=47 (full 0):
 garbage-first heap   total 368640K, used 123034K [0x000000008ca00000, 0x0000000100000000)
  region size 1024K, 18 young (18432K), 2 survivors (2048K)
 Metaspace       used 108053K, committed 109248K, reserved 1179648K
  class space    used 14171K, committed 14656K, reserved 1048576K
}
Event: 2461.249 GC heap after
{Heap after GC invocations=48 (full 0):
 garbage-first heap   total 368640K, used 80695K [0x000000008ca00000, 0x0000000100000000)
  region size 1024K, 1 young (1024K), 1 survivors (1024K)
 Metaspace       used 108053K, committed 109248K, reserved 1179648K
  class space    used 14171K, committed 14656K, reserved 1048576K
}
Event: 2946.092 GC heap before
{Heap before GC invocations=48 (full 0):
 garbage-first heap   total 368640K, used 171831K [0x000000008ca00000, 0x0000000100000000)
  region size 1024K, 91 young (93184K), 1 survivors (1024K)
 Metaspace       used 108212K, committed 109248K, reserved 1179648K
  class space    used 14203K, committed 14656K, reserved 1048576K
}
Event: 2947.946 GC heap after
{Heap after GC invocations=49 (full 1):
 garbage-first heap   total 198656K, used 55585K [0x000000008ca00000, 0x0000000100000000)
  region size 1024K, 0 young (0K), 0 survivors (0K)
 Metaspace       used 108167K, committed 109248K, reserved 1179648K
  class space    used 14195K, committed 14656K, reserved 1048576K
}

Dll operation events (13 events):
Event: 0.030 Loaded shared library C:\Users\User\.jdks\ms-17.0.16\bin\java.dll
Event: 0.054 Loaded shared library C:\Users\User\.jdks\ms-17.0.16\bin\jsvml.dll
Event: 0.372 Loaded shared library C:\Users\User\.jdks\ms-17.0.16\bin\zip.dll
Event: 0.379 Loaded shared library C:\Users\User\.jdks\ms-17.0.16\bin\instrument.dll
Event: 0.392 Loaded shared library C:\Users\User\.jdks\ms-17.0.16\bin\net.dll
Event: 0.397 Loaded shared library C:\Users\User\.jdks\ms-17.0.16\bin\nio.dll
Event: 0.403 Loaded shared library C:\Users\User\.jdks\ms-17.0.16\bin\zip.dll
Event: 2.406 Loaded shared library C:\Users\User\.jdks\ms-17.0.16\bin\extnet.dll
Event: 2.447 Loaded shared library C:\Users\User\.jdks\ms-17.0.16\bin\jimage.dll
Event: 2.959 Loaded shared library C:\Users\User\.jdks\ms-17.0.16\bin\management.dll
Event: 2.969 Loaded shared library C:\Users\User\.jdks\ms-17.0.16\bin\management_ext.dll
Event: 5.642 Loaded shared library C:\Users\User\.jdks\ms-17.0.16\bin\sunmscapi.dll
Event: 9.893 Loaded shared library C:\Users\User\.jdks\ms-17.0.16\bin\verify.dll

Deoptimization events (20 events):
Event: 2951.197 Thread 0x0000013902b8da10 Uncommon trap: trap_request=0xffffffbe fr.pc=0x000001392a4f2e28 relative=0x0000000000000dc8
Event: 2951.197 Thread 0x0000013902b8da10 Uncommon trap: reason=profile_predicate action=maybe_recompile pc=0x000001392a4f2e28 method=org.springframework.boot.context.properties.source.ConfigurationPropertyName$Elements.hashCode(I)I @ 34 c2
Event: 2951.197 Thread 0x0000013902b8da10 DEOPT PACKING pc=0x000001392a4f2e28 sp=0x00000028c74fb0f0
Event: 2951.197 Thread 0x0000013902b8da10 DEOPT UNPACKING pc=0x0000013929e869a3 sp=0x00000028c74fb000 mode 2
Event: 2951.198 Thread 0x0000013902b8da10 Uncommon trap: trap_request=0xffffffbe fr.pc=0x000001392a4f2e28 relative=0x0000000000000dc8
Event: 2951.198 Thread 0x0000013902b8da10 Uncommon trap: reason=profile_predicate action=maybe_recompile pc=0x000001392a4f2e28 method=org.springframework.boot.context.properties.source.ConfigurationPropertyName$Elements.hashCode(I)I @ 34 c2
Event: 2951.198 Thread 0x0000013902b8da10 DEOPT PACKING pc=0x000001392a4f2e28 sp=0x00000028c74faf70
Event: 2951.198 Thread 0x0000013902b8da10 DEOPT UNPACKING pc=0x0000013929e869a3 sp=0x00000028c74fae80 mode 2
Event: 2951.201 Thread 0x0000013902b8da10 Uncommon trap: trap_request=0xffffffbe fr.pc=0x000001392a4f2e28 relative=0x0000000000000dc8
Event: 2951.202 Thread 0x0000013902b8da10 Uncommon trap: reason=profile_predicate action=maybe_recompile pc=0x000001392a4f2e28 method=org.springframework.boot.context.properties.source.ConfigurationPropertyName$Elements.hashCode(I)I @ 34 c2
Event: 2951.202 Thread 0x0000013902b8da10 DEOPT PACKING pc=0x000001392a4f2e28 sp=0x00000028c74fa860
Event: 2951.202 Thread 0x0000013902b8da10 DEOPT UNPACKING pc=0x0000013929e869a3 sp=0x00000028c74fa770 mode 2
Event: 2951.202 Thread 0x0000013902b8da10 Uncommon trap: trap_request=0xffffffbe fr.pc=0x000001392a4f2e28 relative=0x0000000000000dc8
Event: 2951.202 Thread 0x0000013902b8da10 Uncommon trap: reason=profile_predicate action=maybe_recompile pc=0x000001392a4f2e28 method=org.springframework.boot.context.properties.source.ConfigurationPropertyName$Elements.hashCode(I)I @ 34 c2
Event: 2951.202 Thread 0x0000013902b8da10 DEOPT PACKING pc=0x000001392a4f2e28 sp=0x00000028c74fa6e0
Event: 2951.202 Thread 0x0000013902b8da10 DEOPT UNPACKING pc=0x0000013929e869a3 sp=0x00000028c74fa5f0 mode 2
Event: 2951.204 Thread 0x0000013902b8da10 Uncommon trap: trap_request=0xffffffbe fr.pc=0x000001392a4f5954 relative=0x0000000000000d54
Event: 2951.204 Thread 0x0000013902b8da10 Uncommon trap: reason=profile_predicate action=maybe_recompile pc=0x000001392a4f5954 method=org.springframework.boot.context.properties.source.ConfigurationPropertyName$Elements.hashCode(I)I @ 34 c2
Event: 2951.204 Thread 0x0000013902b8da10 DEOPT PACKING pc=0x000001392a4f5954 sp=0x00000028c74fa650
Event: 2951.204 Thread 0x0000013902b8da10 DEOPT UNPACKING pc=0x0000013929e869a3 sp=0x00000028c74fa5e0 mode 2

Classes loaded (20 events):
Event: 1369.173 Loading class sun/security/ssl/Alert$AlertConsumer
Event: 1369.179 Loading class sun/security/ssl/Alert$AlertConsumer done
Event: 1369.179 Loading class sun/security/ssl/Alert$Level
Event: 1369.181 Loading class sun/security/ssl/Alert$Level done
Event: 1369.183 Loading class sun/net/ConnectionResetException
Event: 1369.186 Loading class sun/net/ConnectionResetException done
Event: 2711.498 Loading class jdk/internal/misc/ScopedMemoryAccess$Scope$Handle
Event: 2711.502 Loading class jdk/internal/misc/ScopedMemoryAccess$Scope$Handle done
Event: 2944.845 Loading class java/util/concurrent/locks/AbstractQueuedSynchronizer$SharedNode
Event: 2944.854 Loading class java/util/concurrent/locks/AbstractQueuedSynchronizer$SharedNode done
Event: 2945.561 Loading class java/nio/channels/InterruptedByTimeoutException
Event: 2945.563 Loading class java/nio/channels/InterruptedByTimeoutException done
Event: 2945.788 Loading class jdk/internal/reflect/UnsafeQualifiedObjectFieldAccessorImpl
Event: 2945.795 Loading class jdk/internal/reflect/UnsafeQualifiedFieldAccessorImpl
Event: 2945.799 Loading class jdk/internal/reflect/UnsafeQualifiedFieldAccessorImpl done
Event: 2945.800 Loading class jdk/internal/reflect/UnsafeQualifiedObjectFieldAccessorImpl done
Event: 2947.949 Loading class java/lang/ref/Finalizer$2
Event: 2947.954 Loading class java/lang/ref/Finalizer$2 done
Event: 2947.955 Loading class java/lang/ref/Finalizer$1
Event: 2947.970 Loading class java/lang/ref/Finalizer$1 done

Classes unloaded (20 events):
Event: 2126.949 Thread 0x0000013938d706c0 Unloading class 0x000001393a015800 'java/lang/invoke/LambdaForm$MH+0x000001393a015800'
Event: 2126.949 Thread 0x0000013938d706c0 Unloading class 0x000001393a015400 'java/lang/invoke/LambdaForm$MH+0x000001393a015400'
Event: 2126.949 Thread 0x0000013938d706c0 Unloading class 0x000001393a014c00 'java/lang/invoke/LambdaForm$MH+0x000001393a014c00'
Event: 2126.949 Thread 0x0000013938d706c0 Unloading class 0x000001393a014400 'java/lang/invoke/LambdaForm$MH+0x000001393a014400'
Event: 2946.362 Thread 0x0000013938d706c0 Unloading class 0x000001393ae4a400 'java/lang/invoke/LambdaForm$MH+0x000001393ae4a400'
Event: 2946.362 Thread 0x0000013938d706c0 Unloading class 0x000001393ae4a000 'java/lang/invoke/LambdaForm$MH+0x000001393ae4a000'
Event: 2946.362 Thread 0x0000013938d706c0 Unloading class 0x000001393ae49c00 'java/lang/invoke/LambdaForm$MH+0x000001393ae49c00'
Event: 2946.363 Thread 0x0000013938d706c0 Unloading class 0x000001393ae49800 'java/lang/invoke/LambdaForm$MH+0x000001393ae49800'
Event: 2946.363 Thread 0x0000013938d706c0 Unloading class 0x000001393ae49400 'java/lang/invoke/LambdaForm$MH+0x000001393ae49400'
Event: 2946.363 Thread 0x0000013938d706c0 Unloading class 0x000001393ae49000 'java/lang/invoke/LambdaForm$MH+0x000001393ae49000'
Event: 2946.363 Thread 0x0000013938d706c0 Unloading class 0x000001393ab41800 'jdk/internal/reflect/GeneratedMethodAccessor65'
Event: 2946.363 Thread 0x0000013938d706c0 Unloading class 0x000001393ab41400 'jdk/internal/reflect/GeneratedMethodAccessor64'
Event: 2946.363 Thread 0x0000013938d706c0 Unloading class 0x000001393ab41000 'jdk/internal/reflect/GeneratedMethodAccessor63'
Event: 2946.363 Thread 0x0000013938d706c0 Unloading class 0x000001393ab40800 'jdk/internal/reflect/GeneratedMethodAccessor61'
Event: 2946.363 Thread 0x0000013938d706c0 Unloading class 0x000001393ab40400 'jdk/internal/reflect/GeneratedMethodAccessor60'
Event: 2946.363 Thread 0x0000013938d706c0 Unloading class 0x000001393ab40000 'jdk/internal/reflect/GeneratedMethodAccessor59'
Event: 2946.364 Thread 0x0000013938d706c0 Unloading class 0x000001393ab3dc00 'jdk/internal/reflect/GeneratedMethodAccessor58'
Event: 2946.364 Thread 0x0000013938d706c0 Unloading class 0x000001393ab3d800 'jdk/internal/reflect/GeneratedMethodAccessor57'
Event: 2946.364 Thread 0x0000013938d706c0 Unloading class 0x000001393ab3d400 'jdk/internal/reflect/GeneratedMethodAccessor56'
Event: 2946.364 Thread 0x0000013938d706c0 Unloading class 0x000001393ab3d000 'jdk/internal/reflect/GeneratedMethodAccessor55'

Classes redefined (0 events):
No events

Internal exceptions (20 events):
Event: 2133.335 Thread 0x0000013905fe5c10 Implicit null exception at 0x000001392a72ddec to 0x000001392a731d14
Event: 2133.336 Thread 0x0000013905fe5c10 Implicit null exception at 0x000001392a9ff7fd to 0x000001392aa01bfc
Event: 2135.633 Thread 0x0000013905fe7a70 Implicit null exception at 0x000001392a7dff91 to 0x000001392a7e04c4
Event: 2184.929 Thread 0x0000013905fe5c10 Exception <a 'java/net/SocketException'{0x00000000a2301d40}: Connection reset by peer: shutdown> (0x00000000a2301d40) 
thrown [s\src\hotspot\share\prims\jni.cpp, line 535]
Event: 2943.166 Thread 0x0000013905fe7560 Implicit null exception at 0x000001392aacf62b to 0x000001392aad1a9c
Event: 2943.588 Thread 0x0000013905fe7560 Implicit null exception at 0x000001392aace715 to 0x000001392aacebe4
Event: 2944.134 Thread 0x0000013905fe7560 Implicit null exception at 0x000001392a497523 to 0x000001392a49a050
Event: 2944.371 Thread 0x0000013905fe7560 Implicit null exception at 0x000001392aa153c3 to 0x000001392aa1711c
Event: 2944.421 Thread 0x0000013905fe7560 Implicit null exception at 0x000001392aa47870 to 0x000001392aa4c980
Event: 2944.627 Thread 0x000001390129cc90 Implicit null exception at 0x000001392aa53bc5 to 0x000001392aa58690
Event: 2944.629 Thread 0x000001390129cc90 Implicit null exception at 0x000001392aa8f11a to 0x000001392aa91138
Event: 2944.797 Thread 0x000001390129cc90 Implicit null exception at 0x000001392a8a7a89 to 0x000001392a8aa3f0
Event: 2945.661 Thread 0x0000013905fe42c0 Exception <a 'java/lang/InterruptedException'{0x00000000a2c004c0}: sleep interrupted> (0x00000000a2c004c0) 
thrown [s\src\hotspot\share\prims\jvm.cpp, line 3064]
Event: 2945.834 Thread 0x0000013902b8ee50 Exception <a 'java/io/IOException'{0x000000009d9c5b00}> (0x000000009d9c5b00) 
thrown [s\src\hotspot\share\prims\jni.cpp, line 516]
Event: 2945.839 Thread 0x0000013902b8ee50 Exception <a 'java/io/IOException'{0x000000009d9c6640}> (0x000000009d9c6640) 
thrown [s\src\hotspot\share\prims\jni.cpp, line 516]
Event: 2946.070 Thread 0x0000013905fe1f50 Exception <a 'java/lang/InterruptedException'{0x000000009d8837c0}: sleep interrupted> (0x000000009d8837c0) 
thrown [s\src\hotspot\share\prims\jvm.cpp, line 3064]
Event: 2948.680 Thread 0x0000013902b8da10 Exception <a 'sun/nio/fs/WindowsException'{0x0000000098a428c0}> (0x0000000098a428c0) 
thrown [s\src\hotspot\share\prims\jni.cpp, line 516]
Event: 2951.062 Thread 0x0000013902b8da10 Exception <a 'java/lang/NoClassDefFoundError'{0x0000000095c95498}: org/flywaydb/core/Flyway> (0x0000000095c95498) 
thrown [s\src\hotspot\share\oops\constantPool.cpp, line 837]
Event: 2951.062 Thread 0x0000013902b8da10 Exception <a 'java/lang/NoClassDefFoundError'{0x0000000095c95ae8}: liquibase/integration/spring/SpringLiquibase> (0x0000000095c95ae8) 
thrown [s\src\hotspot\share\oops\constantPool.cpp, line 837]
Event: 2951.181 Thread 0x0000013902b8da10 Implicit null exception at 0x000001392a6f951d to 0x000001392a6fff38

VM Operations (20 events):
Event: 2720.258 Executing VM operation: Cleanup
Event: 2720.258 Executing VM operation: Cleanup done
Event: 2855.590 Executing VM operation: Cleanup
Event: 2855.596 Executing VM operation: Cleanup done
Event: 2910.117 Executing VM operation: Cleanup
Event: 2910.123 Executing VM operation: Cleanup done
Event: 2944.416 Executing VM operation: Cleanup
Event: 2944.419 Executing VM operation: Cleanup done
Event: 2945.434 Executing VM operation: Cleanup
Event: 2945.434 Executing VM operation: Cleanup done
Event: 2946.076 Executing VM operation: G1CollectFull
Event: 2947.947 Executing VM operation: G1CollectFull done
Event: 2947.947 Executing VM operation: HandshakeAllThreads
Event: 2948.657 Executing VM operation: HandshakeAllThreads done
Event: 2949.658 Executing VM operation: Cleanup
Event: 2949.658 Executing VM operation: Cleanup done
Event: 2950.666 Executing VM operation: Cleanup
Event: 2950.667 Executing VM operation: Cleanup done
Event: 2951.678 Executing VM operation: Cleanup
Event: 2952.602 Executing VM operation: Cleanup done

Memory protections (0 events):
No events

Nmethod flushes (20 events):
Event: 2129.476 Thread 0x0000013938d87a00 flushing  nmethod 0x0000013923e06790
Event: 2129.476 Thread 0x0000013938d87a00 flushing  nmethod 0x0000013923e3d690
Event: 2129.476 Thread 0x0000013938d87a00 flushing  nmethod 0x0000013923e63110
Event: 2129.476 Thread 0x0000013938d87a00 flushing  nmethod 0x0000013923e82610
Event: 2129.476 Thread 0x0000013938d87a00 flushing  nmethod 0x0000013923e85910
Event: 2129.476 Thread 0x0000013938d87a00 flushing  nmethod 0x0000013923e97e90
Event: 2129.476 Thread 0x0000013938d87a00 flushing  nmethod 0x0000013923e99c10
Event: 2129.478 Thread 0x0000013938d87a00 flushing  nmethod 0x0000013923fc0a10
Event: 2129.480 Thread 0x0000013938d87a00 flushing  nmethod 0x0000013924070290
Event: 2129.480 Thread 0x0000013938d87a00 flushing  nmethod 0x0000013924072390
Event: 2129.480 Thread 0x0000013938d87a00 flushing  nmethod 0x00000139240bc410
Event: 2129.481 Thread 0x0000013938d87a00 flushing  nmethod 0x00000139240f4990
Event: 2129.481 Thread 0x0000013938d87a00 flushing  nmethod 0x0000013924114090
Event: 2129.483 Thread 0x0000013938d87a00 flushing  nmethod 0x000001392424fb90
Event: 2129.483 Thread 0x0000013938d87a00 flushing  nmethod 0x0000013924250110
Event: 2129.483 Thread 0x0000013938d87a00 flushing  nmethod 0x0000013924259d90
Event: 2129.483 Thread 0x0000013938d87a00 flushing  nmethod 0x0000013924262410
Event: 2129.483 Thread 0x0000013938d87a00 flushing  nmethod 0x000001392426ce10
Event: 2129.483 Thread 0x0000013938d87a00 flushing  nmethod 0x0000013924277e10
Event: 2129.484 Thread 0x0000013938d87a00 flushing  nmethod 0x000001392431b290

Events (20 events):
Event: 2945.688 Thread 0x000001390129f000 Thread exited: 0x000001390129f000
Event: 2945.688 Thread 0x000001390129ff30 Thread exited: 0x000001390129ff30
Event: 2945.688 Thread 0x000001390129dbc0 Thread exited: 0x000001390129dbc0
Event: 2945.688 Thread 0x00000139012a0e60 Thread exited: 0x00000139012a0e60
Event: 2945.808 Thread 0x000001390129cc90 Thread added: 0x0000013902b8ee50
Event: 2945.812 Thread 0x0000013905fe0b10 Thread exited: 0x0000013905fe0b10
Event: 2945.866 Thread 0x0000013902b8ee50 Thread exited: 0x0000013902b8ee50
Event: 2945.875 Thread 0x000001390129cc90 Thread added: 0x0000013902b8e430
Event: 2945.876 Thread 0x0000013905fe3390 Thread exited: 0x0000013905fe3390
Event: 2945.899 Thread 0x0000013902b8e430 Thread exited: 0x0000013902b8e430
Event: 2945.935 Thread 0x0000013902b90290 Thread exited: 0x0000013902b90290
Event: 2946.051 Thread 0x0000013905fe1530 Thread exited: 0x0000013905fe1530
Event: 2946.052 Thread 0x0000013905fe1a40 Thread exited: 0x0000013905fe1a40
Event: 2946.070 Thread 0x0000013905fe1f50 Thread exited: 0x0000013905fe1f50
Event: 2948.529 Thread 0x000001390129cc90 Thread added: 0x0000013902b8da10
Event: 2948.530 Thread 0x0000013902b8da10 Thread exited: 0x0000013902b8da10
Event: 2948.530 Thread 0x000001390129cc90 Thread added: 0x0000013902b8da10
Event: 2948.691 Thread 0x000001397e010c60 Thread added: 0x000001390404c500
Event: 2949.708 Thread 0x0000013902b8da10 Thread added: 0x0000013902b8df20
Event: 2949.805 Thread 0x0000013902b8df20 Thread exited: 0x0000013902b8df20


Dynamic libraries:
0x00007ff794cd0000 - 0x00007ff794cde000 	C:\Users\User\.jdks\ms-17.0.16\bin\java.exe
0x00007ffedf700000 - 0x00007ffedf968000 	C:\Windows\SYSTEM32\ntdll.dll
0x00007ffedefc0000 - 0x00007ffedf089000 	C:\Windows\System32\KERNEL32.DLL
0x00007ffedcc90000 - 0x00007ffedd088000 	C:\Windows\System32\KERNELBASE.dll
0x00007ffedd090000 - 0x00007ffedd1db000 	C:\Windows\System32\ucrtbase.dll
0x00007ffed7720000 - 0x00007ffed7738000 	C:\Users\User\.jdks\ms-17.0.16\bin\jli.dll
0x00007ffed7700000 - 0x00007ffed771e000 	C:\Users\User\.jdks\ms-17.0.16\bin\VCRUNTIME140.dll
0x00007ffedf200000 - 0x00007ffedf3c7000 	C:\Windows\System32\USER32.dll
0x00007ffec5980000 - 0x00007ffec5c14000 	C:\Windows\WinSxS\amd64_microsoft.windows.common-controls_6595b64144ccf1df_6.0.26100.7019_none_3e06ffa0e335b8a8\COMCTL32.dll
0x00007ffedc850000 - 0x00007ffedc877000 	C:\Windows\System32\win32u.dll
0x00007ffedd4a0000 - 0x00007ffedd549000 	C:\Windows\System32\msvcrt.dll
0x00007ffedf3e0000 - 0x00007ffedf40b000 	C:\Windows\System32\GDI32.dll
0x00007ffedc930000 - 0x00007ffedca5c000 	C:\Windows\System32\gdi32full.dll
0x00007ffedc880000 - 0x00007ffedc923000 	C:\Windows\System32\msvcp_win.dll
0x00007ffede1e0000 - 0x00007ffede211000 	C:\Windows\System32\IMM32.DLL
0x00007ffed7770000 - 0x00007ffed777c000 	C:\Users\User\.jdks\ms-17.0.16\bin\vcruntime140_1.dll
0x00007ffe5df50000 - 0x00007ffe5dfd9000 	C:\Users\User\.jdks\ms-17.0.16\bin\msvcp140.dll
0x00007ffe51480000 - 0x00007ffe520fa000 	C:\Users\User\.jdks\ms-17.0.16\bin\server\jvm.dll
0x00007ffedf600000 - 0x00007ffedf6b4000 	C:\Windows\System32\ADVAPI32.dll
0x00007ffedd570000 - 0x00007ffedd616000 	C:\Windows\System32\sechost.dll
0x00007ffede220000 - 0x00007ffede338000 	C:\Windows\System32\RPCRT4.dll
0x00007ffedef40000 - 0x00007ffedefb4000 	C:\Windows\System32\WS2_32.dll
0x00007ffedc6b0000 - 0x00007ffedc70e000 	C:\Windows\SYSTEM32\POWRPROF.dll
0x00007ffed0810000 - 0x00007ffed0845000 	C:\Windows\SYSTEM32\WINMM.dll
0x00007ffed0270000 - 0x00007ffed027b000 	C:\Windows\SYSTEM32\VERSION.dll
0x00007ffedc690000 - 0x00007ffedc6a4000 	C:\Windows\SYSTEM32\UMPDC.dll
0x00007ffedb610000 - 0x00007ffedb62b000 	C:\Windows\SYSTEM32\kernel.appcore.dll
0x00007ffecf900000 - 0x00007ffecf90a000 	C:\Users\User\.jdks\ms-17.0.16\bin\jimage.dll
0x00007ffecddc0000 - 0x00007ffece002000 	C:\Windows\SYSTEM32\DBGHELP.DLL
0x00007ffedd8c0000 - 0x00007ffeddc4b000 	C:\Windows\System32\combase.dll
0x00007ffedd7e0000 - 0x00007ffedd8b7000 	C:\Windows\System32\OLEAUT32.dll
0x00007ffebebb0000 - 0x00007ffebebec000 	C:\Windows\SYSTEM32\dbgcore.DLL
0x00007ffedd270000 - 0x00007ffedd315000 	C:\Windows\System32\bcryptPrimitives.dll
0x00007ffecec60000 - 0x00007ffecec6f000 	C:\Users\User\.jdks\ms-17.0.16\bin\instrument.dll
0x00007ffecf8d0000 - 0x00007ffecf8f6000 	C:\Users\User\.jdks\ms-17.0.16\bin\java.dll
0x00007ffe5c560000 - 0x00007ffe5c636000 	C:\Users\User\.jdks\ms-17.0.16\bin\jsvml.dll
0x00007ffede340000 - 0x00007ffedea8f000 	C:\Windows\System32\SHELL32.dll
0x00007ffedca60000 - 0x00007ffedcbcb000 	C:\Windows\System32\wintypes.dll
0x00007ffeda450000 - 0x00007ffedacad000 	C:\Windows\SYSTEM32\windows.storage.dll
0x00007ffedee40000 - 0x00007ffedef32000 	C:\Windows\System32\SHCORE.dll
0x00007ffedf410000 - 0x00007ffedf477000 	C:\Windows\System32\shlwapi.dll
0x00007ffedc770000 - 0x00007ffedc799000 	C:\Windows\SYSTEM32\profapi.dll
0x00007ffecec70000 - 0x00007ffecec88000 	C:\Users\User\.jdks\ms-17.0.16\bin\zip.dll
0x00007ffecf8b0000 - 0x00007ffecf8cb000 	C:\Users\User\.jdks\ms-17.0.16\bin\net.dll
0x00007ffed57a0000 - 0x00007ffed58c8000 	C:\Windows\SYSTEM32\WINHTTP.dll
0x00007ffedbb80000 - 0x00007ffedbbeb000 	C:\Windows\system32\mswsock.dll
0x00007ffecf890000 - 0x00007ffecf8a6000 	C:\Users\User\.jdks\ms-17.0.16\bin\nio.dll
0x00007ffeb6300000 - 0x00007ffeb6309000 	C:\Users\User\.jdks\ms-17.0.16\bin\extnet.dll
0x00007ffeb62f0000 - 0x00007ffeb62fa000 	C:\Users\User\.jdks\ms-17.0.16\bin\management.dll
0x00007ffe81980000 - 0x00007ffe8198c000 	C:\Users\User\.jdks\ms-17.0.16\bin\management_ext.dll
0x00007ffedf1f0000 - 0x00007ffedf1f8000 	C:\Windows\System32\PSAPI.DLL
0x00007ffeb6460000 - 0x00007ffeb646e000 	C:\Users\User\.jdks\ms-17.0.16\bin\sunmscapi.dll
0x00007ffedd320000 - 0x00007ffedd497000 	C:\Windows\System32\CRYPT32.dll
0x00007ffedc060000 - 0x00007ffedc090000 	C:\Windows\SYSTEM32\ncrypt.dll
0x00007ffedc010000 - 0x00007ffedc04f000 	C:\Windows\SYSTEM32\NTASN1.dll
0x00007ffedbe40000 - 0x00007ffedbe5b000 	C:\Windows\SYSTEM32\CRYPTSP.dll
0x00007ffedb570000 - 0x00007ffedb5aa000 	C:\Windows\system32\rsaenh.dll
0x00007ffedbc30000 - 0x00007ffedbc5b000 	C:\Windows\SYSTEM32\USERENV.dll
0x00007ffedc740000 - 0x00007ffedc76a000 	C:\Windows\SYSTEM32\bcrypt.dll
0x00007ffedbe60000 - 0x00007ffedbe6c000 	C:\Windows\SYSTEM32\CRYPTBASE.dll
0x00007ffedb0b0000 - 0x00007ffedb0e4000 	C:\Windows\SYSTEM32\IPHLPAPI.DLL
0x00007ffedf3d0000 - 0x00007ffedf3da000 	C:\Windows\System32\NSI.dll
0x00007ffed6240000 - 0x00007ffed625e000 	C:\Windows\SYSTEM32\dhcpcsvc6.DLL
0x00007ffed5ee0000 - 0x00007ffed5f03000 	C:\Windows\SYSTEM32\dhcpcsvc.DLL
0x00007ffedb190000 - 0x00007ffedb2bc000 	C:\Windows\SYSTEM32\DNSAPI.dll
0x00007ffecfdc0000 - 0x00007ffecfdd0000 	C:\Users\User\.jdks\ms-17.0.16\bin\verify.dll
0x00007ffed6230000 - 0x00007ffed623b000 	C:\Windows\System32\rasadhlp.dll
0x00007ffed6600000 - 0x00007ffed6686000 	C:\Windows\System32\fwpuclnt.dll
0x00007ffed50d0000 - 0x00007ffed50d8000 	C:\Windows\system32\wshunix.dll

dbghelp: loaded successfully - version: 4.0.5 - missing functions: none
symbol engine: initialized successfully - sym options: 0x614 - pdb path: .;C:\Users\User\.jdks\ms-17.0.16\bin;C:\Windows\SYSTEM32;C:\Windows\WinSxS\amd64_microsoft.windows.common-controls_6595b64144ccf1df_6.0.26100.7019_none_3e06ffa0e335b8a8;C:\Users\User\.jdks\ms-17.0.16\bin\server

VM Arguments:
jvm_args: -javaagent:C:\Program Files\JetBrains\IntelliJ IDEA Community Edition 2025.2.3\lib\idea_rt.jar=50116 -Dfile.encoding=UTF-8 
java_command: com.sein_gar_har.SeinGarHarApplication
java_class_path (initial): D:\sein-gar-har-backend\target\classes;C:\Users\User\.m2\repository\jakarta\validation\jakarta.validation-api\3.0.2\jakarta.validation-api-3.0.2.jar;C:\Users\User\.m2\repository\org\hibernate\validator\hibernate-validator\8.0.3.Final\hibernate-validator-8.0.3.Final.jar;C:\Users\User\.m2\repository\org\jboss\logging\jboss-logging\3.6.1.Final\jboss-logging-3.6.1.Final.jar;C:\Users\User\.m2\repository\com\fasterxml\classmate\1.7.1\classmate-1.7.1.jar;C:\Users\User\.m2\repository\org\springframework\boot\spring-boot-starter\3.5.7\spring-boot-starter-3.5.7.jar;C:\Users\User\.m2\repository\org\springframework\boot\spring-boot\3.5.7\spring-boot-3.5.7.jar;C:\Users\User\.m2\repository\org\springframework\spring-context\6.2.12\spring-context-6.2.12.jar;C:\Users\User\.m2\repository\org\springframework\boot\spring-boot-autoconfigure\3.5.7\spring-boot-autoconfigure-3.5.7.jar;C:\Users\User\.m2\repository\org\springframework\boot\spring-boot-starter-logging\3.5.7\spring-boot-starter-logging-3.5.7.jar;C:\Users\User\.m2\repository\ch\qos\logback\logback-classic\1.5.20\logback-classic-1.5.20.jar;C:\Users\User\.m2\repository\ch\qos\logback\logback-core\1.5.20\logback-core-1.5.20.jar;C:\Users\User\.m2\repository\org\apache\logging\log4j\log4j-to-slf4j\2.24.3\log4j-to-slf4j-2.24.3.jar;C:\Users\User\.m2\repository\org\apache\logging\log4j\log4j-api\2.24.3\log4j-api-2.24.3.jar;C:\Users\User\.m2\repository\org\slf4j\jul-to-slf4j\2.0.17\jul-to-slf4j-2.0.17.jar;C:\Users\User\.m2\repository\jakarta\annotation\jakarta.annotation-api\2.1.1\jakarta.annotation-api-2.1.1.jar;C:\Users\User\.m2\repository\org\springframework\spring-core\6.2.12\spring-core-6.2.12.jar;C:\Users\User\.m2\repository\org\springframework\spring-jcl\6.2.12\spring-jcl-6.2.12.jar;C:\Users\User\.m2\repository\org\yaml\snakeyaml\2.4\snakeyaml-2.4.jar;C:\Users\User\.m2\repository\org\springframework\boot\spring-boot-starter-data-jpa\3.5.7\spring-boot-starter-data-jpa-3.5.7.jar;C:\Users\User\.m2\repos
Launcher Type: SUN_STANDARD

[Global flags]
     intx CICompilerCount                          = 4                                         {product} {ergonomic}
     uint ConcGCThreads                            = 3                                         {product} {ergonomic}
     uint G1ConcRefinementThreads                  = 10                                        {product} {ergonomic}
   size_t G1HeapRegionSize                         = 1048576                                   {product} {ergonomic}
    uintx GCDrainStackTargetSize                   = 64                                        {product} {ergonomic}
   size_t InitialHeapSize                          = 121634816                                 {product} {ergonomic}
   size_t MarkStackSize                            = 4194304                                   {product} {ergonomic}
   size_t MaxHeapSize                              = 1935671296                                {product} {ergonomic}
   size_t MaxNewSize                               = 1160773632                                {product} {ergonomic}
   size_t MinHeapDeltaBytes                        = 1048576                                   {product} {ergonomic}
   size_t MinHeapSize                              = 8388608                                   {product} {ergonomic}
    uintx NonNMethodCodeHeapSize                   = 5839372                                {pd product} {ergonomic}
    uintx NonProfiledCodeHeapSize                  = 122909434                              {pd product} {ergonomic}
    uintx ProfiledCodeHeapSize                     = 122909434                              {pd product} {ergonomic}
    uintx ReservedCodeCacheSize                    = 251658240                              {pd product} {ergonomic}
     bool SegmentedCodeCache                       = true                                      {product} {ergonomic}
   size_t SoftMaxHeapSize                          = 1935671296                             {manageable} {ergonomic}
     bool UseCompressedClassPointers               = true                           {product lp64_product} {ergonomic}
     bool UseCompressedOops                        = true                           {product lp64_product} {ergonomic}
     bool UseG1GC                                  = true                                      {product} {ergonomic}
     bool UseLargePagesIndividualAllocation        = false                                  {pd product} {ergonomic}

Logging:
Log output configuration:
 #0: stdout all=warning uptime,level,tags
 #1: stderr all=off uptime,level,tags

Environment Variables:
PATH=C:\Program Files (x86)\VMware\VMware Workstation\bin\;C:\Windows\system32;C:\Windows;C:\Windows\System32\Wbem;C:\Windows\System32\WindowsPowerShell\v1.0\;C:\Windows\System32\OpenSSH\;C:\Program Files\NVIDIA Corporation\NVIDIA App\NvDLISR;C:\Program Files (x86)\NVIDIA Corporation\PhysX\Common;C:\Program Files\dotnet\;C:\Program Files\Git\cmd;C:\Program Files\nodejs\;C:\Program Files\MySQL\MySQL Shell 8.0\bin\;C:\Users\User\AppData\Local\Microsoft\WindowsApps;C:\Program Files\JetBrains\PyCharm 2024.1\bin;;C:\Users\User\AppData\Local\Programs\Microsoft VS Code\bin;C:\Users\User\AppData\Roaming\npm;C:\Users\User\AppData\Local\GitHubDesktop\bin
USERNAME=User
OS=Windows_NT
PROCESSOR_IDENTIFIER=AMD64 Family 25 Model 68 Stepping 1, AuthenticAMD
TMP=C:\Users\User\AppData\Local\Temp
TEMP=C:\Users\User\AppData\Local\Temp



Periodic native trim disabled


---------------  S Y S T E M  ---------------

OS:
 Windows 11 , 64 bit Build 26100 (10.0.26100.7019)
OS uptime: 0 days 1:01 hours
Hyper-V role detected

CPU: total 12 (initial active 12) (12 cores per cpu, 2 threads per core) family 25 model 68 stepping 1 microcode 0xa404102, cx8, cmov, fxsr, ht, mmx, 3dnowpref, sse, sse2, sse3, ssse3, sse4a, sse4.1, sse4.2, popcnt, lzcnt, tsc, tscinvbit, avx, avx2, aes, erms, clmul, bmi1, bmi2, adx, sha, fma, vzeroupper, clflush, clflushopt, hv
Processor Information for the first 12 processors :
  Max Mhz: 3301, Current Mhz: 2635, Mhz Limit: 3301

Memory: 4k page, system-wide physical 7379M (660M free)
TotalPageFile size 29907M (AvailPageFile size 3M)
current process WorkingSet (physical memory assigned to process): 388M, peak: 680M
current process commit charge ("private bytes"): 541M, peak: 940M

vm_info: OpenJDK 64-Bit Server VM (17.0.16+8-LTS) for windows-amd64 JRE (17.0.16+8-LTS), built on Jul 10 2025 00:24:24 by "MicrosoftCorporation" with unknown MS VC++:1944

END.
